Component: ARM Compiler 5.05 update 1 (build 106) Tool: armlink [4d0efa]

==============================================================================

Section Cross References

    stm32f10x_vector.o(RESET) refers to stm32f10x_vector.o(STACK) for __initial_sp
    stm32f10x_vector.o(RESET) refers to stm32f10x_vector.o(.text) for Reset_Handler
    stm32f10x_vector.o(RESET) refers to stm32f10x_it.o(i.NMIException) for NMIException
    stm32f10x_vector.o(RESET) refers to stm32f10x_it.o(i.HardFaultException) for HardFaultException
    stm32f10x_vector.o(RESET) refers to stm32f10x_it.o(i.MemManageException) for MemManageException
    stm32f10x_vector.o(RESET) refers to stm32f10x_it.o(i.BusFaultException) for BusFaultException
    stm32f10x_vector.o(RESET) refers to stm32f10x_it.o(i.UsageFaultException) for UsageFaultException
    stm32f10x_vector.o(RESET) refers to stm32f10x_it.o(i.SVCHandler) for SVCHandler
    stm32f10x_vector.o(RESET) refers to stm32f10x_it.o(i.DebugMonitor) for DebugMonitor
    stm32f10x_vector.o(RESET) refers to stm32f10x_it.o(i.PendSVC) for PendSVC
    stm32f10x_vector.o(RESET) refers to stm32f10x_timebase.o(i.SysTickHandler) for SysTickHandler
    stm32f10x_vector.o(RESET) refers to stm32f10x_it.o(i.WWDG_IRQHandler) for WWDG_IRQHandler
    stm32f10x_vector.o(RESET) refers to stm32f10x_it.o(i.PVD_IRQHandler) for PVD_IRQHandler
    stm32f10x_vector.o(RESET) refers to stm32f10x_it.o(i.TAMPER_IRQHandler) for TAMPER_IRQHandler
    stm32f10x_vector.o(RESET) refers to stm32f10x_it.o(i.RTC_IRQHandler) for RTC_IRQHandler
    stm32f10x_vector.o(RESET) refers to stm32f10x_it.o(i.FLASH_IRQHandler) for FLASH_IRQHandler
    stm32f10x_vector.o(RESET) refers to stm32f10x_it.o(i.RCC_IRQHandler) for RCC_IRQHandler
    stm32f10x_vector.o(RESET) refers to stm32f10x_it.o(i.EXTI0_IRQHandler) for EXTI0_IRQHandler
    stm32f10x_vector.o(RESET) refers to stm32f10x_it.o(i.EXTI1_IRQHandler) for EXTI1_IRQHandler
    stm32f10x_vector.o(RESET) refers to stm32f10x_it.o(i.EXTI2_IRQHandler) for EXTI2_IRQHandler
    stm32f10x_vector.o(RESET) refers to stm32f10x_it.o(i.EXTI3_IRQHandler) for EXTI3_IRQHandler
    stm32f10x_vector.o(RESET) refers to stm32f10x_it.o(i.EXTI4_IRQHandler) for EXTI4_IRQHandler
    stm32f10x_vector.o(RESET) refers to stm32f10x_it.o(i.DMA1_Channel1_IRQHandler) for DMA1_Channel1_IRQHandler
    stm32f10x_vector.o(RESET) refers to stm32f10x_it.o(i.DMA1_Channel2_IRQHandler) for DMA1_Channel2_IRQHandler
    stm32f10x_vector.o(RESET) refers to stm32f10x_it.o(i.DMA1_Channel3_IRQHandler) for DMA1_Channel3_IRQHandler
    stm32f10x_vector.o(RESET) refers to stm32f10x_it.o(i.DMA1_Channel4_IRQHandler) for DMA1_Channel4_IRQHandler
    stm32f10x_vector.o(RESET) refers to stm32f10x_it.o(i.DMA1_Channel5_IRQHandler) for DMA1_Channel5_IRQHandler
    stm32f10x_vector.o(RESET) refers to stm32f10x_it.o(i.DMA1_Channel6_IRQHandler) for DMA1_Channel6_IRQHandler
    stm32f10x_vector.o(RESET) refers to stm32f10x_it.o(i.DMA1_Channel7_IRQHandler) for DMA1_Channel7_IRQHandler
    stm32f10x_vector.o(RESET) refers to stm32f10x_it.o(i.ADC1_2_IRQHandler) for ADC1_2_IRQHandler
    stm32f10x_vector.o(RESET) refers to stm32f10x_it.o(i.USB_HP_CAN_TX_IRQHandler) for USB_HP_CAN_TX_IRQHandler
    stm32f10x_vector.o(RESET) refers to stm32f10x_it.o(i.USB_LP_CAN_RX0_IRQHandler) for USB_LP_CAN_RX0_IRQHandler
    stm32f10x_vector.o(RESET) refers to stm32f10x_it.o(i.CAN_RX1_IRQHandler) for CAN_RX1_IRQHandler
    stm32f10x_vector.o(RESET) refers to stm32f10x_it.o(i.CAN_SCE_IRQHandler) for CAN_SCE_IRQHandler
    stm32f10x_vector.o(RESET) refers to stm32f10x_it.o(i.EXTI9_5_IRQHandler) for EXTI9_5_IRQHandler
    stm32f10x_vector.o(RESET) refers to stm32f10x_it.o(i.TIM1_BRK_IRQHandler) for TIM1_BRK_IRQHandler
    stm32f10x_vector.o(RESET) refers to stm32f10x_it.o(i.TIM1_UP_IRQHandler) for TIM1_UP_IRQHandler
    stm32f10x_vector.o(RESET) refers to stm32f10x_it.o(i.TIM1_TRG_COM_IRQHandler) for TIM1_TRG_COM_IRQHandler
    stm32f10x_vector.o(RESET) refers to stm32f10x_it.o(i.TIM1_CC_IRQHandler) for TIM1_CC_IRQHandler
    stm32f10x_vector.o(RESET) refers to stm32f10x_encoder.o(i.TIM2_IRQHandler) for TIM2_IRQHandler
    stm32f10x_vector.o(RESET) refers to stm32f10x_it.o(i.TIM3_IRQHandler) for TIM3_IRQHandler
    stm32f10x_vector.o(RESET) refers to stm32f10x_it.o(i.TIM4_IRQHandler) for TIM4_IRQHandler
    stm32f10x_vector.o(RESET) refers to stm32f10x_it.o(i.I2C1_EV_IRQHandler) for I2C1_EV_IRQHandler
    stm32f10x_vector.o(RESET) refers to stm32f10x_it.o(i.I2C1_ER_IRQHandler) for I2C1_ER_IRQHandler
    stm32f10x_vector.o(RESET) refers to stm32f10x_it.o(i.I2C2_EV_IRQHandler) for I2C2_EV_IRQHandler
    stm32f10x_vector.o(RESET) refers to stm32f10x_it.o(i.I2C2_ER_IRQHandler) for I2C2_ER_IRQHandler
    stm32f10x_vector.o(RESET) refers to stm32f10x_it.o(i.SPI1_IRQHandler) for SPI1_IRQHandler
    stm32f10x_vector.o(RESET) refers to stm32f10x_it.o(i.SPI2_IRQHandler) for SPI2_IRQHandler
[...]
    __lit__00000000                          0x08000140   Data           4  entry2.o(.ARM.Collect$$$$00002712)
    .text                                    0x08000144   Section        8  stm32f10x_vector.o(.text)
    .text                                    0x0800014c   Section        0  ldiv.o(.text)
    .text                                    0x080001ae   Section        0  uldiv.o(.text)
    .text                                    0x08000210   Section        0  llushr.o(.text)
    .text                                    0x08000230   Section       36  init.o(.text)
    .text                                    0x08000254   Section        0  llshl.o(.text)
    .text                                    0x08000272   Section        0  __dclz77c.o(.text)
    i.ADC1_2_IRQHandler                      0x080002d0   Section        0  stm32f10x_it.o(i.ADC1_2_IRQHandler)
    i.ADC3_IRQHandler                        0x08000344   Section        0  stm32f10x_it.o(i.ADC3_IRQHandler)
    i.ADC_ClearFlag                          0x08000346   Section        0  stm32f10x_adc.o(i.ADC_ClearFlag)
    i.ADC_Cmd                                0x0800034c   Section        0  stm32f10x_adc.o(i.ADC_Cmd)
    i.ADC_DeInit                             0x08000360   Section        0  stm32f10x_adc.o(i.ADC_DeInit)
    i.ADC_ExternalTrigInjectedConvCmd        0x0800039c   Section        0  stm32f10x_adc.o(i.ADC_ExternalTrigInjectedConvCmd)
    i.ADC_ExternalTrigInjectedConvConfig     0x080003b0   Section        0  stm32f10x_adc.o(i.ADC_ExternalTrigInjectedConvConfig)
    i.ADC_GetCalibrationStatus               0x080003bc   Section        0  stm32f10x_adc.o(i.ADC_GetCalibrationStatus)
    i.ADC_GetFlagStatus                      0x080003ca   Section        0  stm32f10x_adc.o(i.ADC_GetFlagStatus)
    i.ADC_GetITStatus                        0x080003d8   Section        0  stm32f10x_adc.o(i.ADC_GetITStatus)
    i.ADC_GetInjectedConversionValue         0x080003f4   Section        0  stm32f10x_adc.o(i.ADC_GetInjectedConversionValue)
    i.ADC_ITConfig                           0x080003fc   Section        0  stm32f10x_adc.o(i.ADC_ITConfig)
    i.ADC_Init                               0x08000410   Section        0  stm32f10x_adc.o(i.ADC_Init)
    i.ADC_InjectedChannelConfig              0x08000458   Section        0  stm32f10x_adc.o(i.ADC_InjectedChannelConfig)
    i.ADC_InjectedSequencerLengthConfig      0x080004a2   Section        0  stm32f10x_adc.o(i.ADC_InjectedSequencerLengthConfig)
    i.ADC_SoftwareStartInjectedConvCmd       0x080004b2   Section        0  stm32f10x_adc.o(i.ADC_SoftwareStartInjectedConvCmd)
    i.ADC_StartCalibration                   0x080004c6   Section        0  stm32f10x_adc.o(i.ADC_StartCalibration)
    i.ADC_StructInit                         0x080004d0   Section        0  stm32f10x_adc.o(i.ADC_StructInit)
    i.BusFaultException                      0x080004e2   Section        0  stm32f10x_it.o(i.BusFaultException)
    i.CAN_RX1_IRQHandler                     0x080004e4   Section        0  stm32f10x_it.o(i.CAN_RX1_IRQHandler)
    i.CAN_SCE_IRQHandler                     0x080004e6   Section        0  stm32f10x_it.o(i.CAN_SCE_IRQHandler)
    i.Clarke                                 0x080004e8   Section        0  mc_clarke_park.o(i.Clarke)
    i.DMA1_Channel1_IRQHandler               0x0800051a   Section        0  stm32f10x_it.o(i.DMA1_Channel1_IRQHandler)
    i.DMA1_Channel2_IRQHandler               0x0800051c   Section        0  stm32f10x_it.o(i.DMA1_Channel2_IRQHandler)
    i.DMA1_Channel3_IRQHandler               0x0800051e   Section        0  stm32f10x_it.o(i.DMA1_Channel3_IRQHandler)
    i.DMA1_Channel4_IRQHandler               0x08000520   Section        0  stm32f10x_it.o(i.DMA1_Channel4_IRQHandler)
    i.DMA1_Channel5_IRQHandler               0x08000522   Section        0  stm32f10x_it.o(i.DMA1_Channel5_IRQHandler)
    i.DMA1_Channel6_IRQHandler               0x08000524   Section        0  stm32f10x_it.o(i.DMA1_Channel6_IRQHandler)
    i.DMA1_Channel7_IRQHandler               0x08000526   Section        0  stm32f10x_it.o(i.DMA1_Channel7_IRQHandler)
    i.DMA2_Channel1_IRQHandler               0x08000528   Section        0  stm32f10x_it.o(i.DMA2_Channel1_IRQHandler)
    i.DMA2_Channel2_IRQHandler               0x0800052a   Section        0  stm32f10x_it.o(i.DMA2_Channel2_IRQHandler)
    i.DMA2_Channel3_IRQHandler               0x0800052c   Section        0  stm32f10x_it.o(i.DMA2_Channel3_IRQHandler)
    i.DMA2_Channel4_5_IRQHandler             0x0800052e   Section        0  stm32f10x_it.o(i.DMA2_Channel4_5_IRQHandler)
    i.DebugMonitor                           0x08000530   Section        0  stm32f10x_it.o(i.DebugMonitor)
    i.ENC_Calc_Average_Speed                 0x08000534   Section        0  stm32f10x_encoder.o(i.ENC_Calc_Average_Speed)
    i.ENC_Calc_Rot_Speed                     0x080005c0   Section        0  stm32f10x_encoder.o(i.ENC_Calc_Rot_Speed)
    i.ENC_Clear_Speed_Buffer                 0x08000660   Section        0  stm32f10x_encoder.o(i.ENC_Clear_Speed_Buffer)
    i.ENC_ErrorOnFeedback                    0x08000680   Section        0  stm32f10x_encoder.o(i.ENC_ErrorOnFeedback)
    i.ENC_Get_Electrical_Angle               0x0800068c   Section        0  stm32f10x_encoder.o(i.ENC_Get_Electrical_Angle)
    i.ENC_Get_Mechanical_Speed               0x080006ac   Section        0  stm32f10x_encoder.o(i.ENC_Get_Mechanical_Speed)
    i.ENC_Init                               0x080006b8   Section        0  stm32f10x_encoder.o(i.ENC_Init)
    i.ENC_Start_Up                           0x08000780   Section        0  stm32f10x_encoder.o(i.ENC_Start_Up)
    i.EXTI0_IRQHandler                       0x0800086c   Section        0  stm32f10x_it.o(i.EXTI0_IRQHandler)
    i.EXTI15_10_IRQHandler                   0x0800086e   Section        0  stm32f10x_it.o(i.EXTI15_10_IRQHandler)
    i.EXTI1_IRQHandler                       0x08000870   Section        0  stm32f10x_it.o(i.EXTI1_IRQHandler)
    i.EXTI2_IRQHandler                       0x08000872   Section        0  stm32f10x_it.o(i.EXTI2_IRQHandler)
    i.EXTI3_IRQHandler                       0x08000874   Section        0  stm32f10x_it.o(i.EXTI3_IRQHandler)
    i.EXTI4_IRQHandler                       0x08000876   Section        0  stm32f10x_it.o(i.EXTI4_IRQHandler)
    i.EXTI9_5_IRQHandler                     0x08000878   Section        0  stm32f10x_it.o(i.EXTI9_5_IRQHandler)
    i.FLASH_IRQHandler                       0x0800087a   Section        0  stm32f10x_it.o(i.FLASH_IRQHandler)
    i.FLASH_PrefetchBufferCmd                0x0800087c   Section        0  stm32f10x_flash.o(i.FLASH_PrefetchBufferCmd)
    i.FLASH_SetLatency                       0x08000894   Section        0  stm32f10x_flash.o(i.FLASH_SetLatency)
    i.FOC_CalcFluxTorqueRef                  0x080008ac   Section        0  mc_foc_drive.o(i.FOC_CalcFluxTorqueRef)
    i.FOC_Init                               0x080008f4   Section        0  mc_foc_drive.o(i.FOC_Init)
    i.FOC_Model                              0x08000908   Section        0  mc_foc_drive.o(i.FOC_Model)
    i.FOC_TorqueCtrl                         0x08000988   Section        0  mc_foc_drive.o(i.FOC_TorqueCtrl)
    i.FSMC_IRQHandler                        0x080009a4   Section        0  stm32f10x_it.o(i.FSMC_IRQHandler)
    i.GPIO_Configuration                     0x080009a8   Section        0  main.o(i.GPIO_Configuration)
    i.GPIO_Init                              0x08000a20   Section        0  stm32f10x_gpio.o(i.GPIO_Init)
    i.GPIO_PinRemapConfig                    0x08000abc   Section        0  stm32f10x_gpio.o(i.GPIO_PinRemapConfig)
    i.GPIO_ReadInputDataBit                  0x08000b04   Section        0  stm32f10x_gpio.o(i.GPIO_ReadInputDataBit)
    i.GPIO_ResetBits                         0x08000b12   Section        0  stm32f10x_gpio.o(i.GPIO_ResetBits)
    i.GPIO_SetBits                           0x08000b16   Section        0  stm32f10x_gpio.o(i.GPIO_SetBits)
    i.GPIO_StructInit                        0x08000b1a   Section        0  stm32f10x_gpio.o(i.GPIO_StructInit)
    i.HardFaultException                     0x08000b2a   Section        0  stm32f10x_it.o(i.HardFaultException)
    i.I2C1_ER_IRQHandler                     0x08000b2c   Section        0  stm32f10x_it.o(i.I2C1_ER_IRQHandler)
    i.I2C1_EV_IRQHandler                     0x08000b2e   Section        0  stm32f10x_it.o(i.I2C1_EV_IRQHandler)
    i.I2C2_ER_IRQHandler                     0x08000b30   Section        0  stm32f10x_it.o(i.I2C2_ER_IRQHandler)
    i.I2C2_EV_IRQHandler                     0x08000b32   Section        0  stm32f10x_it.o(i.I2C2_EV_IRQHandler)
    i.KEYS_ExportbKey                        0x08000b34   Section        0  mc_keys.o(i.KEYS_ExportbKey)
    i.KEYS_Init                              0x08000b40   Section        0  mc_keys.o(i.KEYS_Init)
    i.MCL_Calc_BusVolt                       0x08000bc0   Section        0  mc_motorcontrol_layer.o(i.MCL_Calc_BusVolt)
    i.MCL_Chk_BusVolt                        0x08000be0   Section        0  mc_motorcontrol_layer.o(i.MCL_Chk_BusVolt)
    i.MCL_Chk_OverTemp                       0x08000c08   Section        0  mc_motorcontrol_layer.o(i.MCL_Chk_OverTemp)
    i.MCL_ClearFault                         0x08000c38   Section        0  mc_motorcontrol_layer.o(i.MCL_ClearFault)
    i.MCL_Init                               0x08000cd8   Section        0  mc_motorcontrol_layer.o(i.MCL_Init)
    i.MCL_Init_Arrays                        0x08000d2c   Section        0  mc_motorcontrol_layer.o(i.MCL_Init_Arrays)
    i.MCL_Reset_PID_IntegralTerms            0x08000d40   Section        0  mc_motorcontrol_layer.o(i.MCL_Reset_PID_IntegralTerms)
    i.MCL_SetFault                           0x08000d5c   Section        0  mc_motorcontrol_layer.o(i.MCL_SetFault)
    i.MemManageException                     0x08000da0   Section        0  stm32f10x_it.o(i.MemManageException)
    i.NMIException                           0x08000da2   Section        0  stm32f10x_it.o(i.NMIException)
    i.NVIC_Configuration                     0x08000da4   Section        0  main.o(i.NVIC_Configuration)
    i.NVIC_Init                              0x08000dd0   Section        0  stm32f10x_nvic.o(i.NVIC_Init)
    i.NVIC_PriorityGroupConfig               0x08000e4c   Section        0  stm32f10x_nvic.o(i.NVIC_PriorityGroupConfig)
    i.NVIC_SetVectorTable                    0x08000e60   Section        0  stm32f10x_nvic.o(i.NVIC_SetVectorTable)
    i.NVIC_StructInit                        0x08000e74   Section        0  stm32f10x_nvic.o(i.NVIC_StructInit)
    i.NVIC_SystemHandlerPriorityConfig       0x08000e80   Section        0  stm32f10x_nvic.o(i.NVIC_SystemHandlerPriorityConfig)
    i.OLED_Clear                             0x08000ed0   Section        0  oled.o(i.OLED_Clear)
    i.OLED_Init                              0x08000f0c   Section        0  oled.o(i.OLED_Init)
    i.OLED_Set_Pos                           0x080010e0   Section        0  oled.o(i.OLED_Set_Pos)
    i.OLED_ShowCHinese                       0x0800110c   Section        0  oled.o(i.OLED_ShowCHinese)
    i.OLED_ShowChar                          0x08001174   Section        0  oled.o(i.OLED_ShowChar)
    i.OLED_ShowChar2                         0x080011d4   Section        0  oled.o(i.OLED_ShowChar2)
    i.OLED_ShowNum                           0x08001234   Section        0  oled.o(i.OLED_ShowNum)
    i.OLED_ShowString                        0x08001296   Section        0  oled.o(i.OLED_ShowString)
    i.OLED_WR_Byte                           0x080012d4   Section        0  oled.o(i.OLED_WR_Byte)
    i.OLED_WR_Byte2                          0x08001354   Section        0  oled.o(i.OLED_WR_Byte2)
    i.PID_Init                               0x080013d4   Section        0  mc_pid_regulators.o(i.PID_Init)
    i.PID_Regulator                          0x08001498   Section        0  mc_pid_regulators.o(i.PID_Regulator)
    i.PVD_IRQHandler                         0x08001504   Section        0  stm32f10x_it.o(i.PVD_IRQHandler)
    i.Park                                   0x08001508   Section        0  mc_clarke_park.o(i.Park)
    i.PendSVC                                0x08001570   Section        0  stm32f10x_it.o(i.PendSVC)
    i.RCC_ADCCLKConfig                       0x08001574   Section        0  stm32f10x_rcc.o(i.RCC_ADCCLKConfig)
    i.RCC_AHBPeriphClockCmd                  0x08001588   Section        0  stm32f10x_rcc.o(i.RCC_AHBPeriphClockCmd)
    i.RCC_APB1PeriphClockCmd                 0x080015a0   Section        0  stm32f10x_rcc.o(i.RCC_APB1PeriphClockCmd)
    i.RCC_APB1PeriphResetCmd                 0x080015b8   Section        0  stm32f10x_rcc.o(i.RCC_APB1PeriphResetCmd)
    i.RCC_APB2PeriphClockCmd                 0x080015d0   Section        0  stm32f10x_rcc.o(i.RCC_APB2PeriphClockCmd)
    i.RCC_APB2PeriphResetCmd                 0x080015e8   Section        0  stm32f10x_rcc.o(i.RCC_APB2PeriphResetCmd)
    i.RCC_Configuration                      0x08001600   Section        0  main.o(i.RCC_Configuration)
    i.RCC_DeInit                             0x08001660   Section        0  stm32f10x_rcc.o(i.RCC_DeInit)
    i.RCC_GetFlagStatus                      0x0800169c   Section        0  stm32f10x_rcc.o(i.RCC_GetFlagStatus)
    i.RCC_GetSYSCLKSource                    0x080016cc   Section        0  stm32f10x_rcc.o(i.RCC_GetSYSCLKSource)
    i.RCC_HCLKConfig                         0x080016dc   Section        0  stm32f10x_rcc.o(i.RCC_HCLKConfig)
    i.RCC_HSEConfig                          0x080016f0   Section        0  stm32f10x_rcc.o(i.RCC_HSEConfig)
    i.RCC_IRQHandler                         0x08001724   Section        0  stm32f10x_it.o(i.RCC_IRQHandler)
    i.RCC_PCLK1Config                        0x08001728   Section        0  stm32f10x_rcc.o(i.RCC_PCLK1Config)
    i.RCC_PCLK2Config                        0x0800173c   Section        0  stm32f10x_rcc.o(i.RCC_PCLK2Config)
    i.RCC_PLLCmd                             0x08001750   Section        0  stm32f10x_rcc.o(i.RCC_PLLCmd)
    i.RCC_PLLConfig                          0x0800175c   Section        0  stm32f10x_rcc.o(i.RCC_PLLConfig)
    i.RCC_SYSCLKConfig                       0x08001770   Section        0  stm32f10x_rcc.o(i.RCC_SYSCLKConfig)
    i.RCC_WaitForHSEStartUp                  0x08001784   Section        0  stm32f10x_rcc.o(i.RCC_WaitForHSEStartUp)
    i.RTCAlarm_IRQHandler                    0x080017b8   Section        0  stm32f10x_it.o(i.RTCAlarm_IRQHandler)
    i.RTC_IRQHandler                         0x080017ba   Section        0  stm32f10x_it.o(i.RTC_IRQHandler)
    i.RevPark_Circle_Limitation              0x080017bc   Section        0  mc_clarke_park.o(i.RevPark_Circle_Limitation)
    i.Rev_Park                               0x08001810   Section        0  mc_clarke_park.o(i.Rev_Park)
    i.SDIO_IRQHandler                        0x08001868   Section        0  stm32f10x_it.o(i.SDIO_IRQHandler)
    i.SPI1_IRQHandler                        0x0800186a   Section        0  stm32f10x_it.o(i.SPI1_IRQHandler)
    i.SPI2_IRQHandler                        0x0800186c   Section        0  stm32f10x_it.o(i.SPI2_IRQHandler)
    i.SPI3_IRQHandler                        0x0800186e   Section        0  stm32f10x_it.o(i.SPI3_IRQHandler)
    i.SVCHandler                             0x08001870   Section        0  stm32f10x_it.o(i.SVCHandler)
    i.SVPWMEOCEvent                          0x08001874   Section        0  stm32f10x_svpwm_3shunt.o(i.SVPWMEOCEvent)
    i.SVPWMUpdateEvent                       0x080018cc   Section        0  stm32f10x_svpwm_3shunt.o(i.SVPWMUpdateEvent)
    i.SVPWM_3ShuntAdvCurrentReading          0x080018e8   Section        0  stm32f10x_svpwm_3shunt.o(i.SVPWM_3ShuntAdvCurrentReading)
    i.SVPWM_3ShuntCalcDutyCycles             0x08001934   Section        0  stm32f10x_svpwm_3shunt.o(i.SVPWM_3ShuntCalcDutyCycles)
    i.SVPWM_3ShuntCurrentReadingCalibration  0x08001c94   Section        0  stm32f10x_svpwm_3shunt.o(i.SVPWM_3ShuntCurrentReadingCalibration)
    i.SVPWM_3ShuntGetPhaseCurrentValues      0x08001da0   Section        0  stm32f10x_svpwm_3shunt.o(i.SVPWM_3ShuntGetPhaseCurrentValues)
    i.SVPWM_3ShuntInit                       0x08001eb8   Section        0  stm32f10x_svpwm_3shunt.o(i.SVPWM_3ShuntInit)
    i.SysTickHandler                         0x080021dc   Section        0  stm32f10x_timebase.o(i.SysTickHandler)
    i.SysTick_CLKSourceConfig                0x0800230c   Section        0  stm32f10x_systick.o(i.SysTick_CLKSourceConfig)
    i.SysTick_CounterCmd                     0x08002324   Section        0  stm32f10x_systick.o(i.SysTick_CounterCmd)
    i.SysTick_ITConfig                       0x08002348   Section        0  stm32f10x_systick.o(i.SysTick_ITConfig)
    i.SysTick_SetReload                      0x08002360   Section        0  stm32f10x_systick.o(i.SysTick_SetReload)
    i.TAMPER_IRQHandler                      0x08002368   Section        0  stm32f10x_it.o(i.TAMPER_IRQHandler)
    i.TB_Delay_IsElapsed                     0x0800236c   Section        0  stm32f10x_timebase.o(i.TB_Delay_IsElapsed)
    i.TB_Init                                0x08002380   Section        0  stm32f10x_timebase.o(i.TB_Init)
    i.TB_Set_Delay_500us                     0x080023b0   Section        0  stm32f10x_timebase.o(i.TB_Set_Delay_500us)
    i.TB_Set_StartUp_Timeout                 0x080023bc   Section        0  stm32f10x_timebase.o(i.TB_Set_StartUp_Timeout)
    i.TB_StartUp_Timeout_IsElapsed           0x080023d0   Section        0  stm32f10x_timebase.o(i.TB_StartUp_Timeout_IsElapsed)
    i.TI1_Config                             0x080023e4   Section        0  stm32f10x_tim.o(i.TI1_Config)
    TI1_Config                               0x080023e5   Thumb Code    46  stm32f10x_tim.o(i.TI1_Config)
    i.TI2_Config                             0x08002412   Section        0  stm32f10x_tim.o(i.TI2_Config)
    TI2_Config                               0x08002413   Thumb Code    54  stm32f10x_tim.o(i.TI2_Config)
    i.TIM1_BRK_IRQHandler                    0x08002448   Section        0  stm32f10x_it.o(i.TIM1_BRK_IRQHandler)
    i.TIM1_CC_IRQHandler                     0x08002454   Section        0  stm32f10x_it.o(i.TIM1_CC_IRQHandler)
    i.TIM1_TRG_COM_IRQHandler                0x08002456   Section        0  stm32f10x_it.o(i.TIM1_TRG_COM_IRQHandler)
    i.TIM1_UP_IRQHandler                     0x08002458   Section        0  stm32f10x_it.o(i.TIM1_UP_IRQHandler)
    i.TIM2_IRQHandler                        0x08002470   Section        0  stm32f10x_encoder.o(i.TIM2_IRQHandler)
    i.TIM3_IRQHandler                        0x08002494   Section        0  stm32f10x_it.o(i.TIM3_IRQHandler)
    i.TIM4_IRQHandler                        0x08002496   Section        0  stm32f10x_it.o(i.TIM4_IRQHandler)
    i.TIM5_IRQHandler                        0x08002498   Section        0  stm32f10x_it.o(i.TIM5_IRQHandler)
    i.TIM6_IRQHandler                        0x0800249a   Section        0  stm32f10x_it.o(i.TIM6_IRQHandler)
    i.TIM7_IRQHandler                        0x0800249c   Section        0  stm32f10x_it.o(i.TIM7_IRQHandler)
    i.TIM8_BRK_IRQHandler                    0x0800249e   Section        0  stm32f10x_it.o(i.TIM8_BRK_IRQHandler)
    i.TIM8_CC_IRQHandler                     0x080024a0   Section        0  stm32f10x_it.o(i.TIM8_CC_IRQHandler)
    i.TIM8_TRG_COM_IRQHandler                0x080024a2   Section        0  stm32f10x_it.o(i.TIM8_TRG_COM_IRQHandler)
    i.TIM8_UP_IRQHandler                     0x080024a4   Section        0  stm32f10x_it.o(i.TIM8_UP_IRQHandler)
    i.TIM_BDTRConfig                         0x080024a6   Section        0  stm32f10x_tim.o(i.TIM_BDTRConfig)
    i.TIM_ClearFlag                          0x080024c8   Section        0  stm32f10x_tim.o(i.TIM_ClearFlag)
    i.TIM_ClearITPendingBit                  0x080024ce   Section        0  stm32f10x_tim.o(i.TIM_ClearITPendingBit)
    i.TIM_Cmd                                0x080024d4   Section        0  stm32f10x_tim.o(i.TIM_Cmd)
    i.TIM_CtrlPWMOutputs                     0x080024ea   Section        0  stm32f10x_tim.o(i.TIM_CtrlPWMOutputs)
    i.TIM_DeInit                             0x08002500   Section        0  stm32f10x_tim.o(i.TIM_DeInit)
    i.TIM_EncoderInterfaceConfig             0x080025b4   Section        0  stm32f10x_tim.o(i.TIM_EncoderInterfaceConfig)
    i.TIM_GenerateEvent                      0x080025e6   Section        0  stm32f10x_tim.o(i.TIM_GenerateEvent)
    i.TIM_GetCounter                         0x080025ea   Section        0  stm32f10x_tim.o(i.TIM_GetCounter)
    i.TIM_ICInit                             0x080025ee   Section        0  stm32f10x_tim.o(i.TIM_ICInit)
    i.TIM_ICStructInit                       0x0800269a   Section        0  stm32f10x_tim.o(i.TIM_ICStructInit)
    i.TIM_ITConfig                           0x080026aa   Section        0  stm32f10x_tim.o(i.TIM_ITConfig)
    i.TIM_OC1Init                            0x080026bc   Section        0  stm32f10x_tim.o(i.TIM_OC1Init)
    i.TIM_OC1PreloadConfig                   0x0800271c   Section        0  stm32f10x_tim.o(i.TIM_OC1PreloadConfig)
    i.TIM_OC2Init                            0x08002728   Section        0  stm32f10x_tim.o(i.TIM_OC2Init)
    i.TIM_OC2PreloadConfig                   0x080027a8   Section        0  stm32f10x_tim.o(i.TIM_OC2PreloadConfig)
    i.TIM_OC3Init                            0x080027bc   Section        0  stm32f10x_tim.o(i.TIM_OC3Init)
    i.TIM_OC3PreloadConfig                   0x08002838   Section        0  stm32f10x_tim.o(i.TIM_OC3PreloadConfig)
    i.TIM_OC4Init                            0x08002844   Section        0  stm32f10x_tim.o(i.TIM_OC4Init)
    i.TIM_OC4PreloadConfig                   0x080028a8   Section        0  stm32f10x_tim.o(i.TIM_OC4PreloadConfig)
    i.TIM_OCStructInit                       0x080028bc   Section        0  stm32f10x_tim.o(i.TIM_OCStructInit)
    i.TIM_SelectOutputTrigger                0x080028d0   Section        0  stm32f10x_tim.o(i.TIM_SelectOutputTrigger)
    i.TIM_SetIC1Prescaler                    0x080028e0   Section        0  stm32f10x_tim.o(i.TIM_SetIC1Prescaler)
    i.TIM_SetIC2Prescaler                    0x080028f0   Section        0  stm32f10x_tim.o(i.TIM_SetIC2Prescaler)
    i.TIM_SetIC3Prescaler                    0x08002908   Section        0  stm32f10x_tim.o(i.TIM_SetIC3Prescaler)
    i.TIM_SetIC4Prescaler                    0x08002918   Section        0  stm32f10x_tim.o(i.TIM_SetIC4Prescaler)
    i.TIM_TimeBaseInit                       0x08002930   Section        0  stm32f10x_tim.o(i.TIM_TimeBaseInit)
    i.TIM_TimeBaseStructInit                 0x0800296c   Section        0  stm32f10x_tim.o(i.TIM_TimeBaseStructInit)
    i.Trig_Functions                         0x08002980   Section        0  mc_clarke_park.o(i.Trig_Functions)
    i.UART4_IRQHandler                       0x080029f8   Section        0  stm32f10x_it.o(i.UART4_IRQHandler)
    i.UART5_IRQHandler                       0x080029fa   Section        0  stm32f10x_it.o(i.UART5_IRQHandler)
    i.USART1_IRQHandler                      0x080029fc   Section        0  stm32f10x_it.o(i.USART1_IRQHandler)
    i.USART2_IRQHandler                      0x080029fe   Section        0  stm32f10x_it.o(i.USART2_IRQHandler)
    i.USART3_IRQHandler                      0x08002a00   Section        0  main.o(i.USART3_IRQHandler)
    i.USART_ClearITPendingBit                0x08002a34   Section        0  stm32f10x_usart.o(i.USART_ClearITPendingBit)
    i.USART_GetITStatus                      0x08002a40   Section        0  stm32f10x_usart.o(i.USART_GetITStatus)
    i.USBWakeUp_IRQHandler                   0x08002a7e   Section        0  stm32f10x_it.o(i.USBWakeUp_IRQHandler)
    i.USB_HP_CAN_TX_IRQHandler               0x08002a80   Section        0  stm32f10x_it.o(i.USB_HP_CAN_TX_IRQHandler)
    i.USB_LP_CAN_RX0_IRQHandler              0x08002a82   Section        0  stm32f10x_it.o(i.USB_LP_CAN_RX0_IRQHandler)
    i.UsageFaultException                    0x08002a84   Section        0  stm32f10x_it.o(i.UsageFaultException)
    i.WWDG_IRQHandler                        0x08002a86   Section        0  stm32f10x_it.o(i.WWDG_IRQHandler)
    i.__scatterload_copy                     0x08002a88   Section       14  handlers.o(i.__scatterload_copy)
    i.__scatterload_null                     0x08002a96   Section        2  handlers.o(i.__scatterload_null)
    i.__scatterload_zeroinit                 0x08002a98   Section       14  handlers.o(i.__scatterload_zeroinit)
    i.key_con                                0x08002aa8   Section        0  lkznui.o(i.key_con)
    i.lkznui                                 0x08002b08   Section        0  lkznui.o(i.lkznui)
    i.main                                   0x08003838   Section        0  main.o(i.main)
    i.oled_pow                               0x0800387c   Section        0  oled.o(i.oled_pow)
    i.welcoms                                0x0800388c   Section        0  lkznui.o(i.welcoms)
    .constdata                               0x080038fc   Section      646  mc_clarke_park.o(.constdata)
    .constdata                               0x08003b82   Section     1520  oled.o(.constdata)
    .data                                    0x20000000   Section        1  main.o(.data)
    .data                                    0x20000001   Section        1  main.o(.data)
    .data                                    0x20000002   Section        1  main.o(.data)
    .data                                    0x20000003   Section        1  main.o(.data)
    .data                                    0x20000004   Section        2  main.o(.data)
    .data                                    0x20000006   Section        2  main.o(.data)
    .data                                    0x20000008   Section        4  mc_clarke_park.o(.data)
    Vector_Components                        0x20000008   Data           4  mc_clarke_park.o(.data)
    .data                                    0x2000000c   Section        8  mc_foc_drive.o(.data)
    Stat_Curr_q_d_ref                        0x2000000c   Data           4  mc_foc_drive.o(.data)
    Stat_Curr_q_d_ref_ref                    0x20000010   Data           4  mc_foc_drive.o(.data)
    .data                                    0x20000014   Section       12  mc_motorcontrol_layer.o(.data)
    h_BusV_Average                           0x20000014   Data           2  mc_motorcontrol_layer.o(.data)
    w_Temp_Average                           0x2000001c   Data           4  mc_motorcontrol_layer.o(.data)
    .data                                    0x20000020   Section        4  mc_globals.o(.data)
    .data                                    0x20000024   Section        4  mc_globals.o(.data)
    .data                                    0x20000028   Section        4  mc_globals.o(.data)
    .data                                    0x2000002c   Section        4  mc_globals.o(.data)
    .data                                    0x20000030   Section        4  mc_globals.o(.data)
    .data                                    0x20000034   Section        4  mc_globals.o(.data)
    .data                                    0x20000038   Section        1  mc_globals.o(.data)
    .data                                    0x2000003a   Section        2  mc_globals.o(.data)
    .data                                    0x2000003c   Section        2  mc_globals.o(.data)
    .data                                    0x2000003e   Section        2  mc_globals.o(.data)
    .data                                    0x20000040   Section        4  mc_keys.o(.data)
    bKey                                     0x20000040   Data           1  mc_keys.o(.data)
    bPrevious_key                            0x20000041   Data           1  mc_keys.o(.data)
    bKey_Flag                                0x20000042   Data           1  mc_keys.o(.data)
    .data                                    0x20000044   Section       16  stm32f10x_encoder.o(.data)
    bSpeed_Buffer_Index                      0x20000044   Data           1  stm32f10x_encoder.o(.data)
    bIs_First_Measurement                    0x20000045   Data           1  stm32f10x_encoder.o(.data)
    bError_Speed_Measurement                 0x20000046   Data           1  stm32f10x_encoder.o(.data)
    bError_counter                           0x20000047   Data           1  stm32f10x_encoder.o(.data)
    hPrevious_angle                          0x20000048   Data           2  stm32f10x_encoder.o(.data)
    hRot_Speed                               0x2000004a   Data           2  stm32f10x_encoder.o(.data)
    hEncoder_Timer_Overflow                  0x2000004c   Data           2  stm32f10x_encoder.o(.data)
    wTimebase                                0x20000050   Data           4  stm32f10x_encoder.o(.data)
    .data                                    0x20000054   Section       16  stm32f10x_timebase.o(.data)
    hStart_Up_TimeLeft_500us                 0x20000056   Data           2  stm32f10x_timebase.o(.data)
    hTimebase_500us                          0x20000058   Data           2  stm32f10x_timebase.o(.data)
    hTimebase_display_500us                  0x2000005a   Data           2  stm32f10x_timebase.o(.data)
    hKey_debounce_500us                      0x2000005c   Data           2  stm32f10x_timebase.o(.data)
    hSpeedMeas_Timebase_500us                0x2000005e   Data           2  stm32f10x_timebase.o(.data)
    hPossitionMeas_Timebase_500us            0x20000060   Data           2  stm32f10x_timebase.o(.data)
    hPossition_Timebase_500us                0x20000062   Data           2  stm32f10x_timebase.o(.data)
    .data                                    0x20000064   Section       12  stm32f10x_svpwm_3shunt.o(.data)
    bIndex                                   0x20000066   Data           2  stm32f10x_svpwm_3shunt.o(.data)
    .data                                    0x20000070   Section        8  stm32f10x_rcc.o(.data)
    HSEStatus                                0x20000070   Data           1  stm32f10x_rcc.o(.data)
    StartUpCounter                           0x20000074   Data           4  stm32f10x_rcc.o(.data)
    .data                                    0x20000078   Section       24  lkznui.o(.data)
    key                                      0x2000007b   Data           1  lkznui.o(.data)
    .data                                    0x20000090   Section     2624  oled.o(.data)
    .bss                                     0x20000ad0   Section       32  mc_globals.o(.bss)
    .bss                                     0x20000af0   Section       32  mc_globals.o(.bss)
    .bss                                     0x20000b10   Section       32  mc_globals.o(.bss)
    .bss                                     0x20000b30   Section       16  stm32f10x_encoder.o(.bss)
    hSpeed_Buffer                            0x20000b30   Data          16  stm32f10x_encoder.o(.bss)
    .bss                                     0x20000b40   Section       18  lkznui.o(.bss)
    STACK                                    0x20000b58   Section     1024  stm32f10x_vector.o(STACK)

    Global Symbols

    Symbol Name                              Value     Ov Type        Size  Object(Section)

    BuildAttributes$$THM_ISAv4$P$D$K$B$S$PE$A:L22UL41UL21$X:L11$S22US41US21$IEEE1$IW$USESV6$~STKCKD$USESV7$~SHL$OTIME$ROPI$EBA8$MICROLIB$REQ8$PRES8$EABIv2 0x00000000   Number         0  anon$$obj.o ABSOLUTE
    __ARM_use_no_argv                        0x00000000   Number         0  main.o ABSOLUTE
    __cpp_initialize__aeabi_                  - Undefined Weak Reference
    __cxa_finalize                            - Undefined Weak Reference
    _clock_init                               - Undefined Weak Reference
    _microlib_exit                            - Undefined Weak Reference
    __Vectors                                0x08000000   Data           4  stm32f10x_vector.o(RESET)
    __main                                   0x08000131   Thumb Code     0  entry.o(.ARM.Collect$$$$00000000)
    _main_stk                                0x08000131   Thumb Code     0  entry2.o(.ARM.Collect$$$$00000001)
    _main_scatterload                        0x08000135   Thumb Code     0  entry5.o(.ARM.Collect$$$$00000004)
    __main_after_scatterload                 0x08000139   Thumb Code     0  entry5.o(.ARM.Collect$$$$00000004)
    _main_clock                              0x08000139   Thumb Code     0  entry7b.o(.ARM.Collect$$$$00000008)
    _main_cpp_init                           0x08000139   Thumb Code     0  entry8b.o(.ARM.Collect$$$$0000000A)
    _main_init                               0x08000139   Thumb Code     0  entry9a.o(.ARM.Collect$$$$0000000B)
    __rt_final_cpp                           0x08000141   Thumb Code     0  entry10a.o(.ARM.Collect$$$$0000000D)
    __rt_final_exit                          0x08000141   Thumb Code     0  entry11a.o(.ARM.Collect$$$$0000000F)
    Reset_Handler                            0x08000145   Thumb Code     4  stm32f10x_vector.o(.text)
    __aeabi_ldivmod                          0x0800014d   Thumb Code    98  ldiv.o(.text)
    __aeabi_uldivmod                         0x080001af   Thumb Code    98  uldiv.o(.text)
    __aeabi_llsr                             0x08000211   Thumb Code    32  llushr.o(.text)
    _ll_ushift_r                             0x08000211   Thumb Code     0  llushr.o(.text)
    __scatterload                            0x08000231   Thumb Code    28  init.o(.text)
    __scatterload_rt2                        0x08000231   Thumb Code     0  init.o(.text)
    __aeabi_llsl                             0x08000255   Thumb Code    30  llshl.o(.text)
    _ll_shift_l                              0x08000255   Thumb Code     0  llshl.o(.text)
    __decompress                             0x08000273   Thumb Code     0  __dclz77c.o(.text)
    __decompress2                            0x08000273   Thumb Code    94  __dclz77c.o(.text)
    ADC1_2_IRQHandler                        0x080002d1   Thumb Code   102  stm32f10x_it.o(i.ADC1_2_IRQHandler)
    ADC3_IRQHandler                          0x08000345   Thumb Code     2  stm32f10x_it.o(i.ADC3_IRQHandler)
    ADC_ClearFlag                            0x08000347   Thumb Code     6  stm32f10x_adc.o(i.ADC_ClearFlag)
    ADC_Cmd                                  0x0800034d   Thumb Code    20  stm32f10x_adc.o(i.ADC_Cmd)
    ADC_DeInit                               0x08000361   Thumb Code    56  stm32f10x_adc.o(i.ADC_DeInit)
    ADC_ExternalTrigInjectedConvCmd          0x0800039d   Thumb Code    20  stm32f10x_adc.o(i.ADC_ExternalTrigInjectedConvCmd)
    ADC_ExternalTrigInjectedConvConfig       0x080003b1   Thumb Code    12  stm32f10x_adc.o(i.ADC_ExternalTrigInjectedConvConfig)
    ADC_GetCalibrationStatus                 0x080003bd   Thumb Code    14  stm32f10x_adc.o(i.ADC_GetCalibrationStatus)
    ADC_GetFlagStatus                        0x080003cb   Thumb Code    14  stm32f10x_adc.o(i.ADC_GetFlagStatus)
    ADC_GetITStatus                          0x080003d9   Thumb Code    28  stm32f10x_adc.o(i.ADC_GetITStatus)
    ADC_GetInjectedConversionValue           0x080003f5   Thumb Code     8  stm32f10x_adc.o(i.ADC_GetInjectedConversionValue)
    ADC_ITConfig                             0x080003fd   Thumb Code    18  stm32f10x_adc.o(i.ADC_ITConfig)
    ADC_Init                                 0x08000411   Thumb Code    62  stm32f10x_adc.o(i.ADC_Init)
    ADC_InjectedChannelConfig                0x08000459   Thumb Code    74  stm32f10x_adc.o(i.ADC_InjectedChannelConfig)
    ADC_InjectedSequencerLengthConfig        0x080004a3   Thumb Code    16  stm32f10x_adc.o(i.ADC_InjectedSequencerLengthConfig)
    ADC_SoftwareStartInjectedConvCmd         0x080004b3   Thumb Code    20  stm32f10x_adc.o(i.ADC_SoftwareStartInjectedConvCmd)
    ADC_StartCalibration                     0x080004c7   Thumb Code    10  stm32f10x_adc.o(i.ADC_StartCalibration)
    ADC_StructInit                           0x080004d1   Thumb Code    18  stm32f10x_adc.o(i.ADC_StructInit)
    BusFaultException                        0x080004e3   Thumb Code     2  stm32f10x_it.o(i.BusFaultException)
    CAN_RX1_IRQHandler                       0x080004e5   Thumb Code     2  stm32f10x_it.o(i.CAN_RX1_IRQHandler)
    CAN_SCE_IRQHandler                       0x080004e7   Thumb Code     2  stm32f10x_it.o(i.CAN_SCE_IRQHandler)
    Clarke                                   0x080004e9   Thumb Code    50  mc_clarke_park.o(i.Clarke)
    DMA1_Channel1_IRQHandler                 0x0800051b   Thumb Code     2  stm32f10x_it.o(i.DMA1_Channel1_IRQHandler)
    DMA1_Channel2_IRQHandler                 0x0800051d   Thumb Code     2  stm32f10x_it.o(i.DMA1_Channel2_IRQHandler)
    DMA1_Channel3_IRQHandler                 0x0800051f   Thumb Code     2  stm32f10x_it.o(i.DMA1_Channel3_IRQHandler)
    DMA1_Channel4_IRQHandler                 0x08000521   Thumb Code     2  stm32f10x_it.o(i.DMA1_Channel4_IRQHandler)
    DMA1_Channel5_IRQHandler                 0x08000523   Thumb Code     2  stm32f10x_it.o(i.DMA1_Channel5_IRQHandler)
    DMA1_Channel6_IRQHandler                 0x08000525   Thumb Code     2  stm32f10x_it.o(i.DMA1_Channel6_IRQHandler)
    DMA1_Channel7_IRQHandler                 0x08000527   Thumb Code     2  stm32f10x_it.o(i.DMA1_Channel7_IRQHandler)
    DMA2_Channel1_IRQHandler                 0x08000529   Thumb Code     2  stm32f10x_it.o(i.DMA2_Channel1_IRQHandler)
    DMA2_Channel2_IRQHandler                 0x0800052b   Thumb Code     2  stm32f10x_it.o(i.DMA2_Channel2_IRQHandler)
    DMA2_Channel3_IRQHandler                 0x0800052d   Thumb Code     2  stm32f10x_it.o(i.DMA2_Channel3_IRQHandler)
    DMA2_Channel4_5_IRQHandler               0x0800052f   Thumb Code     2  stm32f10x_it.o(i.DMA2_Channel4_5_IRQHandler)
    DebugMonitor                             0x08000531   Thumb Code     2  stm32f10x_it.o(i.DebugMonitor)
    ENC_Calc_Average_Speed                   0x08000535   Thumb Code   126  stm32f10x_encoder.o(i.ENC_Calc_Average_Speed)
    ENC_Calc_Rot_Speed                       0x080005c1   Thumb Code   154  stm32f10x_encoder.o(i.ENC_Calc_Rot_Speed)
    ENC_Clear_Speed_Buffer                   0x08000661   Thumb Code    24  stm32f10x_encoder.o(i.ENC_Clear_Speed_Buffer)
    ENC_ErrorOnFeedback                      0x08000681   Thumb Code     6  stm32f10x_encoder.o(i.ENC_ErrorOnFeedback)
    ENC_Get_Electrical_Angle                 0x0800068d   Thumb Code    28  stm32f10x_encoder.o(i.ENC_Get_Electrical_Angle)
    ENC_Get_Mechanical_Speed                 0x080006ad   Thumb Code     8  stm32f10x_encoder.o(i.ENC_Get_Mechanical_Speed)
    ENC_Init                                 0x080006b9   Thumb Code   196  stm32f10x_encoder.o(i.ENC_Init)
    ENC_Start_Up                             0x08000781   Thumb Code   188  stm32f10x_encoder.o(i.ENC_Start_Up)
    EXTI0_IRQHandler                         0x0800086d   Thumb Code     2  stm32f10x_it.o(i.EXTI0_IRQHandler)
    EXTI15_10_IRQHandler                     0x0800086f   Thumb Code     2  stm32f10x_it.o(i.EXTI15_10_IRQHandler)
    EXTI1_IRQHandler                         0x08000871   Thumb Code     2  stm32f10x_it.o(i.EXTI1_IRQHandler)
    EXTI2_IRQHandler                         0x08000873   Thumb Code     2  stm32f10x_it.o(i.EXTI2_IRQHandler)
    EXTI3_IRQHandler                         0x08000875   Thumb Code     2  stm32f10x_it.o(i.EXTI3_IRQHandler)
    EXTI4_IRQHandler                         0x08000877   Thumb Code     2  stm32f10x_it.o(i.EXTI4_IRQHandler)
    EXTI9_5_IRQHandler                       0x08000879   Thumb Code     2  stm32f10x_it.o(i.EXTI9_5_IRQHandler)
    FLASH_IRQHandler                         0x0800087b   Thumb Code     2  stm32f10x_it.o(i.FLASH_IRQHandler)
    FLASH_PrefetchBufferCmd                  0x0800087d   Thumb Code    18  stm32f10x_flash.o(i.FLASH_PrefetchBufferCmd)
    FLASH_SetLatency                         0x08000895   Thumb Code    18  stm32f10x_flash.o(i.FLASH_SetLatency)
    FOC_CalcFluxTorqueRef                    0x080008ad   Thumb Code    52  mc_foc_drive.o(i.FOC_CalcFluxTorqueRef)
    FOC_Init                                 0x080008f5   Thumb Code    16  mc_foc_drive.o(i.FOC_Init)
    FOC_Model                                0x08000909   Thumb Code    94  mc_foc_drive.o(i.FOC_Model)
    FOC_TorqueCtrl                           0x08000989   Thumb Code    16  mc_foc_drive.o(i.FOC_TorqueCtrl)
    FSMC_IRQHandler                          0x080009a5   Thumb Code     2  stm32f10x_it.o(i.FSMC_IRQHandler)
    GPIO_Configuration                       0x080009a9   Thumb Code   104  main.o(i.GPIO_Configuration)
    GPIO_Init                                0x08000a21   Thumb Code   154  stm32f10x_gpio.o(i.GPIO_Init)
    GPIO_PinRemapConfig                      0x08000abd   Thumb Code    66  stm32f10x_gpio.o(i.GPIO_PinRemapConfig)
    GPIO_ReadInputDataBit                    0x08000b05   Thumb Code    14  stm32f10x_gpio.o(i.GPIO_ReadInputDataBit)
    GPIO_ResetBits                           0x08000b13   Thumb Code     4  stm32f10x_gpio.o(i.GPIO_ResetBits)
    GPIO_SetBits                             0x08000b17   Thumb Code     4  stm32f10x_gpio.o(i.GPIO_SetBits)
    GPIO_StructInit                          0x08000b1b   Thumb Code    16  stm32f10x_gpio.o(i.GPIO_StructInit)
    HardFaultException                       0x08000b2b   Thumb Code     2  stm32f10x_it.o(i.HardFaultException)
    I2C1_ER_IRQHandler                       0x08000b2d   Thumb Code     2  stm32f10x_it.o(i.I2C1_ER_IRQHandler)
    I2C1_EV_IRQHandler                       0x08000b2f   Thumb Code     2  stm32f10x_it.o(i.I2C1_EV_IRQHandler)
    I2C2_ER_IRQHandler                       0x08000b31   Thumb Code     2  stm32f10x_it.o(i.I2C2_ER_IRQHandler)
    I2C2_EV_IRQHandler                       0x08000b33   Thumb Code     2  stm32f10x_it.o(i.I2C2_EV_IRQHandler)
    KEYS_ExportbKey                          0x08000b35   Thumb Code     6  mc_keys.o(i.KEYS_ExportbKey)
    KEYS_Init                                0x08000b41   Thumb Code   116  mc_keys.o(i.KEYS_Init)
    MCL_Calc_BusVolt                         0x08000bc1   Thumb Code    26  mc_motorcontrol_layer.o(i.MCL_Calc_BusVolt)
    MCL_Chk_BusVolt                          0x08000be1   Thumb Code    34  mc_motorcontrol_layer.o(i.MCL_Chk_BusVolt)
    MCL_Chk_OverTemp                         0x08000c09   Thumb Code    40  mc_motorcontrol_layer.o(i.MCL_Chk_OverTemp)
    MCL_ClearFault                           0x08000c39   Thumb Code   150  mc_motorcontrol_layer.o(i.MCL_ClearFault)
    MCL_Init                                 0x08000cd9   Thumb Code    72  mc_motorcontrol_layer.o(i.MCL_Init)
    MCL_Init_Arrays                          0x08000d2d   Thumb Code    14  mc_motorcontrol_layer.o(i.MCL_Init_Arrays)
    MCL_Reset_PID_IntegralTerms              0x08000d41   Thumb Code    16  mc_motorcontrol_layer.o(i.MCL_Reset_PID_IntegralTerms)
    MCL_SetFault                             0x08000d5d   Thumb Code    50  mc_motorcontrol_layer.o(i.MCL_SetFault)
    MemManageException                       0x08000da1   Thumb Code     2  stm32f10x_it.o(i.MemManageException)
    NMIException                             0x08000da3   Thumb Code     2  stm32f10x_it.o(i.NMIException)
    NVIC_Configuration                       0x08000da5   Thumb Code    44  main.o(i.NVIC_Configuration)
    NVIC_Init                                0x08000dd1   Thumb Code   118  stm32f10x_nvic.o(i.NVIC_Init)
    NVIC_PriorityGroupConfig                 0x08000e4d   Thumb Code    10  stm32f10x_nvic.o(i.NVIC_PriorityGroupConfig)
    NVIC_SetVectorTable                      0x08000e61   Thumb Code    12  stm32f10x_nvic.o(i.NVIC_SetVectorTable)
    NVIC_StructInit                          0x08000e75   Thumb Code    12  stm32f10x_nvic.o(i.NVIC_StructInit)
    NVIC_SystemHandlerPriorityConfig         0x08000e81   Thumb Code    74  stm32f10x_nvic.o(i.NVIC_SystemHandlerPriorityConfig)
    OLED_Clear                               0x08000ed1   Thumb Code    60  oled.o(i.OLED_Clear)
    OLED_Init                                0x08000f0d   Thumb Code   456  oled.o(i.OLED_Init)
    OLED_Set_Pos                             0x080010e1   Thumb Code    44  oled.o(i.OLED_Set_Pos)
    OLED_ShowCHinese                         0x0800110d   Thumb Code    98  oled.o(i.OLED_ShowCHinese)
    OLED_ShowChar                            0x08001175   Thumb Code    92  oled.o(i.OLED_ShowChar)
    OLED_ShowChar2                           0x080011d5   Thumb Code    92  oled.o(i.OLED_ShowChar2)
    OLED_ShowNum                             0x08001235   Thumb Code    98  oled.o(i.OLED_ShowNum)
    OLED_ShowString                          0x08001297   Thumb Code    62  oled.o(i.OLED_ShowString)
    OLED_WR_Byte                             0x080012d5   Thumb Code   118  oled.o(i.OLED_WR_Byte)
    OLED_WR_Byte2                            0x08001355   Thumb Code   118  oled.o(i.OLED_WR_Byte2)
    PID_Init                                 0x080013d5   Thumb Code   174  mc_pid_regulators.o(i.PID_Init)
    PID_Regulator                            0x08001499   Thumb Code   108  mc_pid_regulators.o(i.PID_Regulator)
    PVD_IRQHandler                           0x08001505   Thumb Code     2  stm32f10x_it.o(i.PVD_IRQHandler)
    Park                                     0x08001509   Thumb Code    98  mc_clarke_park.o(i.Park)
    PendSVC                                  0x08001571   Thumb Code     2  stm32f10x_it.o(i.PendSVC)
    RCC_ADCCLKConfig                         0x08001575   Thumb Code    14  stm32f10x_rcc.o(i.RCC_ADCCLKConfig)
    RCC_AHBPeriphClockCmd                    0x08001589   Thumb Code    18  stm32f10x_rcc.o(i.RCC_AHBPeriphClockCmd)
    RCC_APB1PeriphClockCmd                   0x080015a1   Thumb Code    18  stm32f10x_rcc.o(i.RCC_APB1PeriphClockCmd)
    RCC_APB1PeriphResetCmd                   0x080015b9   Thumb Code    18  stm32f10x_rcc.o(i.RCC_APB1PeriphResetCmd)
    RCC_APB2PeriphClockCmd                   0x080015d1   Thumb Code    18  stm32f10x_rcc.o(i.RCC_APB2PeriphClockCmd)
    RCC_APB2PeriphResetCmd                   0x080015e9   Thumb Code    18  stm32f10x_rcc.o(i.RCC_APB2PeriphResetCmd)
    RCC_Configuration                        0x08001601   Thumb Code    96  main.o(i.RCC_Configuration)
    RCC_DeInit                               0x08001661   Thumb Code    48  stm32f10x_rcc.o(i.RCC_DeInit)
    RCC_GetFlagStatus                        0x0800169d   Thumb Code    42  stm32f10x_rcc.o(i.RCC_GetFlagStatus)
    RCC_GetSYSCLKSource                      0x080016cd   Thumb Code    10  stm32f10x_rcc.o(i.RCC_GetSYSCLKSource)
    RCC_HCLKConfig                           0x080016dd   Thumb Code    14  stm32f10x_rcc.o(i.RCC_HCLKConfig)
    RCC_HSEConfig                            0x080016f1   Thumb Code    48  stm32f10x_rcc.o(i.RCC_HSEConfig)
    RCC_IRQHandler                           0x08001725   Thumb Code     2  stm32f10x_it.o(i.RCC_IRQHandler)
    RCC_PCLK1Config                          0x08001729   Thumb Code    14  stm32f10x_rcc.o(i.RCC_PCLK1Config)
    RCC_PCLK2Config                          0x0800173d   Thumb Code    16  stm32f10x_rcc.o(i.RCC_PCLK2Config)
    RCC_PLLCmd                               0x08001751   Thumb Code     6  stm32f10x_rcc.o(i.RCC_PLLCmd)
    RCC_PLLConfig                            0x0800175d   Thumb Code    16  stm32f10x_rcc.o(i.RCC_PLLConfig)
    RCC_SYSCLKConfig                         0x08001771   Thumb Code    14  stm32f10x_rcc.o(i.RCC_SYSCLKConfig)
    RCC_WaitForHSEStartUp                    0x08001785   Thumb Code    46  stm32f10x_rcc.o(i.RCC_WaitForHSEStartUp)
    RTCAlarm_IRQHandler                      0x080017b9   Thumb Code     2  stm32f10x_it.o(i.RTCAlarm_IRQHandler)
    RTC_IRQHandler                           0x080017bb   Thumb Code     2  stm32f10x_it.o(i.RTC_IRQHandler)
    RevPark_Circle_Limitation                0x080017bd   Thumb Code    72  mc_clarke_park.o(i.RevPark_Circle_Limitation)
    Rev_Park                                 0x08001811   Thumb Code    84  mc_clarke_park.o(i.Rev_Park)
    SDIO_IRQHandler                          0x08001869   Thumb Code     2  stm32f10x_it.o(i.SDIO_IRQHandler)
    SPI1_IRQHandler                          0x0800186b   Thumb Code     2  stm32f10x_it.o(i.SPI1_IRQHandler)
    SPI2_IRQHandler                          0x0800186d   Thumb Code     2  stm32f10x_it.o(i.SPI2_IRQHandler)
    SPI3_IRQHandler                          0x0800186f   Thumb Code     2  stm32f10x_it.o(i.SPI3_IRQHandler)
    SVCHandler                               0x08001871   Thumb Code     2  stm32f10x_it.o(i.SVCHandler)
    SVPWMEOCEvent                            0x08001875   Thumb Code    58  stm32f10x_svpwm_3shunt.o(i.SVPWMEOCEvent)
    SVPWMUpdateEvent                         0x080018cd   Thumb Code    18  stm32f10x_svpwm_3shunt.o(i.SVPWMUpdateEvent)
    SVPWM_3ShuntAdvCurrentReading            0x080018e9   Thumb Code    68  stm32f10x_svpwm_3shunt.o(i.SVPWM_3ShuntAdvCurrentReading)
    SVPWM_3ShuntCalcDutyCycles               0x08001935   Thumb Code   828  stm32f10x_svpwm_3shunt.o(i.SVPWM_3ShuntCalcDutyCycles)
    SVPWM_3ShuntCurrentReadingCalibration    0x08001c95   Thumb Code   260  stm32f10x_svpwm_3shunt.o(i.SVPWM_3ShuntCurrentReadingCalibration)
    SVPWM_3ShuntGetPhaseCurrentValues        0x08001da1   Thumb Code   264  stm32f10x_svpwm_3shunt.o(i.SVPWM_3ShuntGetPhaseCurrentValues)
    SVPWM_3ShuntInit                         0x08001eb9   Thumb Code   778  stm32f10x_svpwm_3shunt.o(i.SVPWM_3ShuntInit)
    SysTickHandler                           0x080021dd   Thumb Code   254  stm32f10x_timebase.o(i.SysTickHandler)
    SysTick_CLKSourceConfig                  0x0800230d   Thumb Code    24  stm32f10x_systick.o(i.SysTick_CLKSourceConfig)
    SysTick_CounterCmd                       0x08002325   Thumb Code    36  stm32f10x_systick.o(i.SysTick_CounterCmd)
    SysTick_ITConfig                         0x08002349   Thumb Code    24  stm32f10x_systick.o(i.SysTick_ITConfig)
    SysTick_SetReload                        0x08002361   Thumb Code     8  stm32f10x_systick.o(i.SysTick_SetReload)
    TAMPER_IRQHandler                        0x08002369   Thumb Code     2  stm32f10x_it.o(i.TAMPER_IRQHandler)
    TB_Delay_IsElapsed                       0x0800236d   Thumb Code    14  stm32f10x_timebase.o(i.TB_Delay_IsElapsed)
    TB_Init                                  0x08002381   Thumb Code    42  stm32f10x_timebase.o(i.TB_Init)
    TB_Set_Delay_500us                       0x080023b1   Thumb Code     6  stm32f10x_timebase.o(i.TB_Set_Delay_500us)
    TB_Set_StartUp_Timeout                   0x080023bd   Thumb Code    14  stm32f10x_timebase.o(i.TB_Set_StartUp_Timeout)
    TB_StartUp_Timeout_IsElapsed             0x080023d1   Thumb Code    14  stm32f10x_timebase.o(i.TB_StartUp_Timeout_IsElapsed)
    TIM1_BRK_IRQHandler                      0x08002449   Thumb Code     8  stm32f10x_it.o(i.TIM1_BRK_IRQHandler)
    TIM1_CC_IRQHandler                       0x08002455   Thumb Code     2  stm32f10x_it.o(i.TIM1_CC_IRQHandler)
    TIM1_TRG_COM_IRQHandler                  0x08002457   Thumb Code     2  stm32f10x_it.o(i.TIM1_TRG_COM_IRQHandler)
    TIM1_UP_IRQHandler                       0x08002459   Thumb Code    18  stm32f10x_it.o(i.TIM1_UP_IRQHandler)
    TIM2_IRQHandler                          0x08002471   Thumb Code    30  stm32f10x_encoder.o(i.TIM2_IRQHandler)
    TIM3_IRQHandler                          0x08002495   Thumb Code     2  stm32f10x_it.o(i.TIM3_IRQHandler)
    TIM4_IRQHandler                          0x08002497   Thumb Code     2  stm32f10x_it.o(i.TIM4_IRQHandler)
    TIM5_IRQHandler                          0x08002499   Thumb Code     2  stm32f10x_it.o(i.TIM5_IRQHandler)
    TIM6_IRQHandler                          0x0800249b   Thumb Code     2  stm32f10x_it.o(i.TIM6_IRQHandler)
    TIM7_IRQHandler                          0x0800249d   Thumb Code     2  stm32f10x_it.o(i.TIM7_IRQHandler)
    TIM8_BRK_IRQHandler                      0x0800249f   Thumb Code     2  stm32f10x_it.o(i.TIM8_BRK_IRQHandler)
    TIM8_CC_IRQHandler                       0x080024a1   Thumb Code     2  stm32f10x_it.o(i.TIM8_CC_IRQHandler)
    TIM8_TRG_COM_IRQHandler                  0x080024a3   Thumb Code     2  stm32f10x_it.o(i.TIM8_TRG_COM_IRQHandler)
    TIM8_UP_IRQHandler                       0x080024a5   Thumb Code     2  stm32f10x_it.o(i.TIM8_UP_IRQHandler)
    TIM_BDTRConfig                           0x080024a7   Thumb Code    34  stm32f10x_tim.o(i.TIM_BDTRConfig)
    TIM_ClearFlag                            0x080024c9   Thumb Code     6  stm32f10x_tim.o(i.TIM_ClearFlag)
    TIM_ClearITPendingBit                    0x080024cf   Thumb Code     6  stm32f10x_tim.o(i.TIM_ClearITPendingBit)
    TIM_Cmd                                  0x080024d5   Thumb Code    22  stm32f10x_tim.o(i.TIM_Cmd)
    TIM_CtrlPWMOutputs                       0x080024eb   Thumb Code    22  stm32f10x_tim.o(i.TIM_CtrlPWMOutputs)
    TIM_DeInit                               0x08002501   Thumb Code   170  stm32f10x_tim.o(i.TIM_DeInit)
    TIM_EncoderInterfaceConfig               0x080025b5   Thumb Code    50  stm32f10x_tim.o(i.TIM_EncoderInterfaceConfig)
    TIM_GenerateEvent                        0x080025e7   Thumb Code     4  stm32f10x_tim.o(i.TIM_GenerateEvent)
    TIM_GetCounter                           0x080025eb   Thumb Code     4  stm32f10x_tim.o(i.TIM_GetCounter)
    TIM_ICInit                               0x080025ef   Thumb Code   172  stm32f10x_tim.o(i.TIM_ICInit)
    TIM_ICStructInit                         0x0800269b   Thumb Code    16  stm32f10x_tim.o(i.TIM_ICStructInit)
    TIM_ITConfig                             0x080026ab   Thumb Code    16  stm32f10x_tim.o(i.TIM_ITConfig)
    TIM_OC1Init                              0x080026bd   Thumb Code    88  stm32f10x_tim.o(i.TIM_OC1Init)
    TIM_OC1PreloadConfig                     0x0800271d   Thumb Code    12  stm32f10x_tim.o(i.TIM_OC1PreloadConfig)
    TIM_OC2Init                              0x08002729   Thumb Code   120  stm32f10x_tim.o(i.TIM_OC2Init)
    TIM_OC2PreloadConfig                     0x080027a9   Thumb Code    20  stm32f10x_tim.o(i.TIM_OC2PreloadConfig)
    TIM_OC3Init                              0x080027bd   Thumb Code   116  stm32f10x_tim.o(i.TIM_OC3Init)
    TIM_OC3PreloadConfig                     0x08002839   Thumb Code    12  stm32f10x_tim.o(i.TIM_OC3PreloadConfig)
    TIM_OC4Init                              0x08002845   Thumb Code    90  stm32f10x_tim.o(i.TIM_OC4Init)
    TIM_OC4PreloadConfig                     0x080028a9   Thumb Code    20  stm32f10x_tim.o(i.TIM_OC4PreloadConfig)
    TIM_OCStructInit                         0x080028bd   Thumb Code    20  stm32f10x_tim.o(i.TIM_OCStructInit)
    TIM_SelectOutputTrigger                  0x080028d1   Thumb Code    16  stm32f10x_tim.o(i.TIM_SelectOutputTrigger)
    TIM_SetIC1Prescaler                      0x080028e1   Thumb Code    16  stm32f10x_tim.o(i.TIM_SetIC1Prescaler)
    TIM_SetIC2Prescaler                      0x080028f1   Thumb Code    24  stm32f10x_tim.o(i.TIM_SetIC2Prescaler)
    TIM_SetIC3Prescaler                      0x08002909   Thumb Code    16  stm32f10x_tim.o(i.TIM_SetIC3Prescaler)
    TIM_SetIC4Prescaler                      0x08002919   Thumb Code    24  stm32f10x_tim.o(i.TIM_SetIC4Prescaler)
    TIM_TimeBaseInit                         0x08002931   Thumb Code    50  stm32f10x_tim.o(i.TIM_TimeBaseInit)
    TIM_TimeBaseStructInit                   0x0800296d   Thumb Code    18  stm32f10x_tim.o(i.TIM_TimeBaseStructInit)
    Trig_Functions                           0x08002981   Thumb Code   114  mc_clarke_park.o(i.Trig_Functions)
    UART4_IRQHandler                         0x080029f9   Thumb Code     2  stm32f10x_it.o(i.UART4_IRQHandler)
    UART5_IRQHandler                         0x080029fb   Thumb Code     2  stm32f10x_it.o(i.UART5_IRQHandler)
    USART1_IRQHandler                        0x080029fd   Thumb Code     2  stm32f10x_it.o(i.USART1_IRQHandler)
    USART2_IRQHandler                        0x080029ff   Thumb Code     2  stm32f10x_it.o(i.USART2_IRQHandler)
    USART3_IRQHandler                        0x08002a01   Thumb Code    48  main.o(i.USART3_IRQHandler)
    USART_ClearITPendingBit                  0x08002a35   Thumb Code    12  stm32f10x_usart.o(i.USART_ClearITPendingBit)
    USART_GetITStatus                        0x08002a41   Thumb Code    62  stm32f10x_usart.o(i.USART_GetITStatus)
    USBWakeUp_IRQHandler                     0x08002a7f   Thumb Code     2  stm32f10x_it.o(i.USBWakeUp_IRQHandler)
    USB_HP_CAN_TX_IRQHandler                 0x08002a81   Thumb Code     2  stm32f10x_it.o(i.USB_HP_CAN_TX_IRQHandler)
    USB_LP_CAN_RX0_IRQHandler                0x08002a83   Thumb Code     2  stm32f10x_it.o(i.USB_LP_CAN_RX0_IRQHandler)
    UsageFaultException                      0x08002a85   Thumb Code     2  stm32f10x_it.o(i.UsageFaultException)
    WWDG_IRQHandler                          0x08002a87   Thumb Code     2  stm32f10x_it.o(i.WWDG_IRQHandler)
    __scatterload_copy                       0x08002a89   Thumb Code    14  handlers.o(i.__scatterload_copy)
    __scatterload_null                       0x08002a97   Thumb Code     2  handlers.o(i.__scatterload_null)
    __scatterload_zeroinit                   0x08002a99   Thumb Code    14  handlers.o(i.__scatterload_zeroinit)
    key_con                                  0x08002aa9   Thumb Code    84  lkznui.o(i.key_con)
    lkznui                                   0x08002b09   Thumb Code  3376  lkznui.o(i.lkznui)
    main                                     0x08003839   Thumb Code    56  main.o(i.main)
    oled_pow                                 0x0800387d   Thumb Code    16  oled.o(i.oled_pow)
    welcoms                                  0x0800388d   Thumb Code   108  lkznui.o(i.welcoms)
    circle_limit_table                       0x080038fc   Data         134  mc_clarke_park.o(.constdata)
    hSin_Cos_Table                           0x08003982   Data         512  mc_clarke_park.o(.constdata)
    F8X16                                    0x08003b82   Data        1520  oled.o(.constdata)
    Region$$Table$$Base                      0x08004174   Number         0  anon$$obj.o(Region$$Table)
    Region$$Table$$Limit                     0x08004194   Number         0  anon$$obj.o(Region$$Table)
    ucKeyDat                                 0x20000000   Data           1  main.o(.data)
    ucT10Ms                                  0x20000001   Data           1  main.o(.data)
    FLAG0                                    0x20000002   Data           1  main.o(.data)
    FLAG4                                    0x20000003   Data           1  main.o(.data)
    time                                     0x20000004   Data           2  main.o(.data)
    time1                                    0x20000006   Data           2  main.o(.data)
    h_ADCBusvolt                             0x20000016   Data           2  mc_motorcontrol_layer.o(.data)
    h_ADCTemp                                0x20000018   Data           2  mc_motorcontrol_layer.o(.data)
    wGlobal_Flags                            0x20000020   Data           4  mc_globals.o(.data)
    Stat_Curr_a_b                            0x20000024   Data           4  mc_globals.o(.data)
    Stat_Curr_alfa_beta                      0x20000028   Data           4  mc_globals.o(.data)
    Stat_Curr_q_d                            0x2000002c   Data           4  mc_globals.o(.data)
    Stat_Volt_q_d                            0x20000030   Data           4  mc_globals.o(.data)
    Stat_Volt_alfa_beta                      0x20000034   Data           4  mc_globals.o(.data)
    State                                    0x20000038   Data           1  mc_globals.o(.data)
    hFlux_Reference                          0x2000003a   Data           2  mc_globals.o(.data)
    hTorque_Reference                        0x2000003c   Data           2  mc_globals.o(.data)
    hSpeed_Reference                         0x2000003e   Data           2  mc_globals.o(.data)
    bMenu_index                              0x20000043   Data           1  mc_keys.o(.data)
    bPID_Speed_Sampling_Time_500us           0x20000054   Data           1  stm32f10x_timebase.o(.data)
    PWM4Direction                            0x20000064   Data           1  stm32f10x_svpwm_3shunt.o(.data)
    bSector                                  0x20000065   Data           1  stm32f10x_svpwm_3shunt.o(.data)
    hPhaseAOffset                            0x20000068   Data           2  stm32f10x_svpwm_3shunt.o(.data)
    hPhaseBOffset                            0x2000006a   Data           2  stm32f10x_svpwm_3shunt.o(.data)
    hPhaseCOffset                            0x2000006c   Data           2  stm32f10x_svpwm_3shunt.o(.data)
    h_ADCrEFvolt                             0x2000006e   Data           2  stm32f10x_svpwm_3shunt.o(.data)
    j                                        0x20000078   Data           1  lkznui.o(.data)
    flag1                                    0x20000079   Data           1  lkznui.o(.data)
    flag2                                    0x2000007a   Data           1  lkznui.o(.data)
    keytemp                                  0x2000007c   Data           1  lkznui.o(.data)
    i                                        0x2000007d   Data           1  lkznui.o(.data)
    k                                        0x2000007e   Data           1  lkznui.o(.data)
    flag                                     0x2000007f   Data           1  lkznui.o(.data)
    speednum                                 0x20000080   Data           2  lkznui.o(.data)
    changescrenntime                         0x20000082   Data           2  lkznui.o(.data)
    flag3                                    0x20000084   Data           2  lkznui.o(.data)
    screen                                   0x20000086   Data           3  lkznui.o(.data)
    pidstat                                  0x20000089   Data           3  lkznui.o(.data)
    speedref                                 0x2000008c   Data           4  lkznui.o(.data)
    Hzk                                      0x20000090   Data        2624  oled.o(.data)
    PID_Flux_InitStructure                   0x20000ad0   Data          32  mc_globals.o(.bss)
    PID_Torque_InitStructure                 0x20000af0   Data          32  mc_globals.o(.bss)
    PID_Speed_InitStructure                  0x20000b10   Data          32  mc_globals.o(.bss)
    pid                                      0x20000b40   Data          18  lkznui.o(.bss)
    __initial_sp                             0x20000f58   Data           0  stm32f10x_vector.o(STACK)



==============================================================================

Memory Map of the image

  Image Entry point : 0x08000131

  Load Region LR_IROM1 (Base: 0x08000000, Size: 0x00004c64, Max: 0x00040000, ABSOLUTE, COMPRESSED[0x00004604])

    Execution Region ER_IROM1 (Base: 0x08000000, Size: 0x00004194, Max: 0x00040000, ABSOLUTE)

    Base Addr    Size         Type   Attr      Idx    E Section Name        Object

    0x08000000   0x00000130   Data   RO            3    RESET               stm32f10x_vector.o
    0x08000130   0x00000000   Code   RO         4860  * .ARM.Collect$$$$00000000  mc_w.l(entry.o)
    0x08000130   0x00000004   Code   RO         4875    .ARM.Collect$$$$00000001  mc_w.l(entry2.o)
    0x08000134   0x00000004   Code   RO         4878    .ARM.Collect$$$$00000004  mc_w.l(entry5.o)
    0x08000138   0x00000000   Code   RO         4880    .ARM.Collect$$$$00000008  mc_w.l(entry7b.o)
    0x08000138   0x00000000   Code   RO         4882    .ARM.Collect$$$$0000000A  mc_w.l(entry8b.o)
    0x08000138   0x00000008   Code   RO         4883    .ARM.Collect$$$$0000000B  mc_w.l(entry9a.o)
    0x08000140   0x00000000   Code   RO         4885    .ARM.Collect$$$$0000000D  mc_w.l(entry10a.o)
    0x08000140   0x00000000   Code   RO         4887    .ARM.Collect$$$$0000000F  mc_w.l(entry11a.o)
    0x08000140   0x00000004   Code   RO         4876    .ARM.Collect$$$$00002712  mc_w.l(entry2.o)
    0x08000144   0x00000008   Code   RO            4    .text               stm32f10x_vector.o
    0x0800014c   0x00000062   Code   RO         4863    .text               mc_w.l(ldiv.o)
    0x080001ae   0x00000062   Code   RO         4889    .text               mc_w.l(uldiv.o)
    0x08000210   0x00000020   Code   RO         4891    .text               mc_w.l(llushr.o)
    0x08000230   0x00000024   Code   RO         4896    .text               mc_w.l(init.o)
    0x08000254   0x0000001e   Code   RO         4898    .text               mc_w.l(llshl.o)
    0x08000272   0x0000005e   Code   RO         4908    .text               mc_w.l(__dclz77c.o)
    0x080002d0   0x00000074   Code   RO           13    i.ADC1_2_IRQHandler  stm32f10x_it.o
    0x08000344   0x00000002   Code   RO           14    i.ADC3_IRQHandler   stm32f10x_it.o
    0x08000346   0x00000006   Code   RO         2090    i.ADC_ClearFlag     stm32f10x_adc.o
    0x0800034c   0x00000014   Code   RO         2092    i.ADC_Cmd           stm32f10x_adc.o
    0x08000360   0x0000003c   Code   RO         2094    i.ADC_DeInit        stm32f10x_adc.o
    0x0800039c   0x00000014   Code   RO         2098    i.ADC_ExternalTrigInjectedConvCmd  stm32f10x_adc.o
    0x080003b0   0x0000000c   Code   RO         2099    i.ADC_ExternalTrigInjectedConvConfig  stm32f10x_adc.o
    0x080003bc   0x0000000e   Code   RO         2100    i.ADC_GetCalibrationStatus  stm32f10x_adc.o
    0x080003ca   0x0000000e   Code   RO         2103    i.ADC_GetFlagStatus  stm32f10x_adc.o
    0x080003d8   0x0000001c   Code   RO         2104    i.ADC_GetITStatus   stm32f10x_adc.o
    0x080003f4   0x00000008   Code   RO         2105    i.ADC_GetInjectedConversionValue  stm32f10x_adc.o
    0x080003fc   0x00000012   Code   RO         2109    i.ADC_ITConfig      stm32f10x_adc.o
    0x0800040e   0x00000002   PAD
    0x08000410   0x00000048   Code   RO         2110    i.ADC_Init          stm32f10x_adc.o
    0x08000458   0x0000004a   Code   RO         2111    i.ADC_InjectedChannelConfig  stm32f10x_adc.o
    0x080004a2   0x00000010   Code   RO         2113    i.ADC_InjectedSequencerLengthConfig  stm32f10x_adc.o
    0x080004b2   0x00000014   Code   RO         2118    i.ADC_SoftwareStartInjectedConvCmd  stm32f10x_adc.o
    0x080004c6   0x0000000a   Code   RO         2119    i.ADC_StartCalibration  stm32f10x_adc.o
    0x080004d0   0x00000012   Code   RO         2120    i.ADC_StructInit    stm32f10x_adc.o
    0x080004e2   0x00000002   Code   RO           15    i.BusFaultException  stm32f10x_it.o
    0x080004e4   0x00000002   Code   RO           16    i.CAN_RX1_IRQHandler  stm32f10x_it.o
    0x080004e6   0x00000002   Code   RO           17    i.CAN_SCE_IRQHandler  stm32f10x_it.o
    0x080004e8   0x00000032   Code   RO          926    i.Clarke            mc_clarke_park.o
    0x0800051a   0x00000002   Code   RO           18    i.DMA1_Channel1_IRQHandler  stm32f10x_it.o
    0x0800051c   0x00000002   Code   RO           19    i.DMA1_Channel2_IRQHandler  stm32f10x_it.o
    0x0800051e   0x00000002   Code   RO           20    i.DMA1_Channel3_IRQHandler  stm32f10x_it.o
    0x08000520   0x00000002   Code   RO           21    i.DMA1_Channel4_IRQHandler  stm32f10x_it.o
    0x08000522   0x00000002   Code   RO           22    i.DMA1_Channel5_IRQHandler  stm32f10x_it.o
    0x08000524   0x00000002   Code   RO           23    i.DMA1_Channel6_IRQHandler  stm32f10x_it.o
    0x08000526   0x00000002   Code   RO           24    i.DMA1_Channel7_IRQHandler  stm32f10x_it.o
    0x08000528   0x00000002   Code   RO           25    i.DMA2_Channel1_IRQHandler  stm32f10x_it.o
    0x0800052a   0x00000002   Code   RO           26    i.DMA2_Channel2_IRQHandler  stm32f10x_it.o
    0x0800052c   0x00000002   Code   RO           27    i.DMA2_Channel3_IRQHandler  stm32f10x_it.o
    0x0800052e   0x00000002   Code   RO           28    i.DMA2_Channel4_5_IRQHandler  stm32f10x_it.o
    0x08000530   0x00000002   Code   RO           29    i.DebugMonitor      stm32f10x_it.o
    0x08000532   0x00000002   PAD
    0x08000534   0x0000008c   Code   RO         1355    i.ENC_Calc_Average_Speed  stm32f10x_encoder.o
    0x080005c0   0x000000a0   Code   RO         1356    i.ENC_Calc_Rot_Speed  stm32f10x_encoder.o
    0x08000660   0x00000020   Code   RO         1357    i.ENC_Clear_Speed_Buffer  stm32f10x_encoder.o
    0x08000680   0x0000000c   Code   RO         1358    i.ENC_ErrorOnFeedback  stm32f10x_encoder.o
    0x0800068c   0x00000020   Code   RO         1359    i.ENC_Get_Electrical_Angle  stm32f10x_encoder.o
    0x080006ac   0x0000000c   Code   RO         1361    i.ENC_Get_Mechanical_Speed  stm32f10x_encoder.o
    0x080006b8   0x000000c8   Code   RO         1362    i.ENC_Init          stm32f10x_encoder.o
    0x08000780   0x000000ec   Code   RO         1364    i.ENC_Start_Up      stm32f10x_encoder.o
    0x0800086c   0x00000002   Code   RO           30    i.EXTI0_IRQHandler  stm32f10x_it.o
    0x0800086e   0x00000002   Code   RO           31    i.EXTI15_10_IRQHandler  stm32f10x_it.o
    0x08000870   0x00000002   Code   RO           32    i.EXTI1_IRQHandler  stm32f10x_it.o
    0x08000872   0x00000002   Code   RO           33    i.EXTI2_IRQHandler  stm32f10x_it.o
    0x08000874   0x00000002   Code   RO           34    i.EXTI3_IRQHandler  stm32f10x_it.o
    0x08000876   0x00000002   Code   RO           35    i.EXTI4_IRQHandler  stm32f10x_it.o
    0x08000878   0x00000002   Code   RO           36    i.EXTI9_5_IRQHandler  stm32f10x_it.o
    0x0800087a   0x00000002   Code   RO           37    i.FLASH_IRQHandler  stm32f10x_it.o
    0x0800087c   0x00000018   Code   RO         2632    i.FLASH_PrefetchBufferCmd  stm32f10x_flash.o
    0x08000894   0x00000018   Code   RO         2633    i.FLASH_SetLatency  stm32f10x_flash.o
    0x080008ac   0x00000048   Code   RO         1054    i.FOC_CalcFluxTorqueRef  mc_foc_drive.o
    0x080008f4   0x00000014   Code   RO         1055    i.FOC_Init          mc_foc_drive.o
    0x08000908   0x00000080   Code   RO         1056    i.FOC_Model         mc_foc_drive.o
    0x08000988   0x0000001c   Code   RO         1057    i.FOC_TorqueCtrl    mc_foc_drive.o
    0x080009a4   0x00000002   Code   RO           38    i.FSMC_IRQHandler   stm32f10x_it.o
    0x080009a6   0x00000002   PAD
    0x080009a8   0x00000078   Code   RO          575    i.GPIO_Configuration  main.o
    0x08000a20   0x0000009a   Code   RO         2660    i.GPIO_Init         stm32f10x_gpio.o
    0x08000aba   0x00000002   PAD
    0x08000abc   0x00000048   Code   RO         2662    i.GPIO_PinRemapConfig  stm32f10x_gpio.o
    0x08000b04   0x0000000e   Code   RO         2664    i.GPIO_ReadInputDataBit  stm32f10x_gpio.o
    0x08000b12   0x00000004   Code   RO         2667    i.GPIO_ResetBits    stm32f10x_gpio.o
    0x08000b16   0x00000004   Code   RO         2668    i.GPIO_SetBits      stm32f10x_gpio.o
    0x08000b1a   0x00000010   Code   RO         2669    i.GPIO_StructInit   stm32f10x_gpio.o
    0x08000b2a   0x00000002   Code   RO           39    i.HardFaultException  stm32f10x_it.o
    0x08000b2c   0x00000002   Code   RO           40    i.I2C1_ER_IRQHandler  stm32f10x_it.o
    0x08000b2e   0x00000002   Code   RO           41    i.I2C1_EV_IRQHandler  stm32f10x_it.o
    0x08000b30   0x00000002   Code   RO           42    i.I2C2_ER_IRQHandler  stm32f10x_it.o
    0x08000b32   0x00000002   Code   RO           43    i.I2C2_EV_IRQHandler  stm32f10x_it.o
    0x08000b34   0x0000000c   Code   RO         1281    i.KEYS_ExportbKey   mc_keys.o
    0x08000b40   0x00000080   Code   RO         1282    i.KEYS_Init         mc_keys.o
    0x08000bc0   0x00000020   Code   RO         1090    i.MCL_Calc_BusVolt  mc_motorcontrol_layer.o
    0x08000be0   0x00000028   Code   RO         1092    i.MCL_Chk_BusVolt   mc_motorcontrol_layer.o
    0x08000c08   0x00000030   Code   RO         1093    i.MCL_Chk_OverTemp  mc_motorcontrol_layer.o
    0x08000c38   0x000000a0   Code   RO         1094    i.MCL_ClearFault    mc_motorcontrol_layer.o
    0x08000cd8   0x00000054   Code   RO         1098    i.MCL_Init          mc_motorcontrol_layer.o
    0x08000d2c   0x00000014   Code   RO         1099    i.MCL_Init_Arrays   mc_motorcontrol_layer.o
    0x08000d40   0x0000001c   Code   RO         1100    i.MCL_Reset_PID_IntegralTerms  mc_motorcontrol_layer.o
    0x08000d5c   0x00000044   Code   RO         1101    i.MCL_SetFault      mc_motorcontrol_layer.o
    0x08000da0   0x00000002   Code   RO           44    i.MemManageException  stm32f10x_it.o
    0x08000da2   0x00000002   Code   RO           45    i.NMIException      stm32f10x_it.o
    0x08000da4   0x0000002c   Code   RO          576    i.NVIC_Configuration  main.o
    0x08000dd0   0x0000007c   Code   RO         3034    i.NVIC_Init         stm32f10x_nvic.o
    0x08000e4c   0x00000014   Code   RO         3035    i.NVIC_PriorityGroupConfig  stm32f10x_nvic.o
    0x08000e60   0x00000014   Code   RO         3043    i.NVIC_SetVectorTable  stm32f10x_nvic.o
    0x08000e74   0x0000000c   Code   RO         3044    i.NVIC_StructInit   stm32f10x_nvic.o
    0x08000e80   0x00000050   Code   RO         3046    i.NVIC_SystemHandlerPriorityConfig  stm32f10x_nvic.o
    0x08000ed0   0x0000003c   Code   RO         4729    i.OLED_Clear        oled.o
    0x08000f0c   0x000001d4   Code   RO         4733    i.OLED_Init         oled.o
    0x080010e0   0x0000002c   Code   RO         4734    i.OLED_Set_Pos      oled.o
    0x0800110c   0x00000068   Code   RO         4735    i.OLED_ShowCHinese  oled.o
    0x08001174   0x00000060   Code   RO         4736    i.OLED_ShowChar     oled.o
    0x080011d4   0x00000060   Code   RO         4737    i.OLED_ShowChar2    oled.o
    0x08001234   0x00000062   Code   RO         4738    i.OLED_ShowNum      oled.o
    0x08001296   0x0000003e   Code   RO         4739    i.OLED_ShowString   oled.o
    0x080012d4   0x00000080   Code   RO         4740    i.OLED_WR_Byte      oled.o
    0x08001354   0x00000080   Code   RO         4741    i.OLED_WR_Byte2     oled.o
    0x080013d4   0x000000c4   Code   RO         1199    i.PID_Init          mc_pid_regulators.o
    0x08001498   0x0000006c   Code   RO         1200    i.PID_Regulator     mc_pid_regulators.o
    0x08001504   0x00000002   Code   RO           46    i.PVD_IRQHandler    stm32f10x_it.o
    0x08001506   0x00000002   PAD
    0x08001508   0x00000068   Code   RO          927    i.Park              mc_clarke_park.o
    0x08001570   0x00000002   Code   RO           47    i.PendSVC           stm32f10x_it.o
    0x08001572   0x00000002   PAD
    0x08001574   0x00000014   Code   RO         3267    i.RCC_ADCCLKConfig  stm32f10x_rcc.o
    0x08001588   0x00000018   Code   RO         3268    i.RCC_AHBPeriphClockCmd  stm32f10x_rcc.o
    0x080015a0   0x00000018   Code   RO         3269    i.RCC_APB1PeriphClockCmd  stm32f10x_rcc.o
    0x080015b8   0x00000018   Code   RO         3270    i.RCC_APB1PeriphResetCmd  stm32f10x_rcc.o
    0x080015d0   0x00000018   Code   RO         3271    i.RCC_APB2PeriphClockCmd  stm32f10x_rcc.o
    0x080015e8   0x00000018   Code   RO         3272    i.RCC_APB2PeriphResetCmd  stm32f10x_rcc.o
    0x08001600   0x00000060   Code   RO          577    i.RCC_Configuration  main.o
    0x08001660   0x0000003c   Code   RO         3278    i.RCC_DeInit        stm32f10x_rcc.o
    0x0800169c   0x00000030   Code   RO         3280    i.RCC_GetFlagStatus  stm32f10x_rcc.o
    0x080016cc   0x00000010   Code   RO         3282    i.RCC_GetSYSCLKSource  stm32f10x_rcc.o
    0x080016dc   0x00000014   Code   RO         3283    i.RCC_HCLKConfig    stm32f10x_rcc.o
    0x080016f0   0x00000034   Code   RO         3284    i.RCC_HSEConfig     stm32f10x_rcc.o
    0x08001724   0x00000002   Code   RO           48    i.RCC_IRQHandler    stm32f10x_it.o
    0x08001726   0x00000002   PAD
    0x08001728   0x00000014   Code   RO         3290    i.RCC_PCLK1Config   stm32f10x_rcc.o
    0x0800173c   0x00000014   Code   RO         3291    i.RCC_PCLK2Config   stm32f10x_rcc.o
    0x08001750   0x0000000c   Code   RO         3292    i.RCC_PLLCmd        stm32f10x_rcc.o
    0x0800175c   0x00000014   Code   RO         3293    i.RCC_PLLConfig     stm32f10x_rcc.o
    0x08001770   0x00000014   Code   RO         3296    i.RCC_SYSCLKConfig  stm32f10x_rcc.o
    0x08001784   0x00000034   Code   RO         3298    i.RCC_WaitForHSEStartUp  stm32f10x_rcc.o
    0x080017b8   0x00000002   Code   RO           49    i.RTCAlarm_IRQHandler  stm32f10x_it.o
    0x080017ba   0x00000002   Code   RO           50    i.RTC_IRQHandler    stm32f10x_it.o
    0x080017bc   0x00000054   Code   RO          928    i.RevPark_Circle_Limitation  mc_clarke_park.o
    0x08001810   0x00000058   Code   RO          929    i.Rev_Park          mc_clarke_park.o
    0x08001868   0x00000002   Code   RO           51    i.SDIO_IRQHandler   stm32f10x_it.o
    0x0800186a   0x00000002   Code   RO           52    i.SPI1_IRQHandler   stm32f10x_it.o
    0x0800186c   0x00000002   Code   RO           53    i.SPI2_IRQHandler   stm32f10x_it.o
    0x0800186e   0x00000002   Code   RO           54    i.SPI3_IRQHandler   stm32f10x_it.o
    0x08001870   0x00000002   Code   RO           55    i.SVCHandler        stm32f10x_it.o
    0x08001872   0x00000002   PAD
    0x08001874   0x00000058   Code   RO         1657    i.SVPWMEOCEvent     stm32f10x_svpwm_3shunt.o
    0x080018cc   0x0000001c   Code   RO         1658    i.SVPWMUpdateEvent  stm32f10x_svpwm_3shunt.o
    0x080018e8   0x0000004c   Code   RO         1659    i.SVPWM_3ShuntAdvCurrentReading  stm32f10x_svpwm_3shunt.o
    0x08001934   0x00000360   Code   RO         1660    i.SVPWM_3ShuntCalcDutyCycles  stm32f10x_svpwm_3shunt.o
    0x08001c94   0x0000010c   Code   RO         1661    i.SVPWM_3ShuntCurrentReadingCalibration  stm32f10x_svpwm_3shunt.o
    0x08001da0   0x00000118   Code   RO         1662    i.SVPWM_3ShuntGetPhaseCurrentValues  stm32f10x_svpwm_3shunt.o
    0x08001eb8   0x00000324   Code   RO         1663    i.SVPWM_3ShuntInit  stm32f10x_svpwm_3shunt.o
    0x080021dc   0x00000130   Code   RO         1538    i.SysTickHandler    stm32f10x_timebase.o
    0x0800230c   0x00000018   Code   RO         3707    i.SysTick_CLKSourceConfig  stm32f10x_systick.o
    0x08002324   0x00000024   Code   RO         3708    i.SysTick_CounterCmd  stm32f10x_systick.o
    0x08002348   0x00000018   Code   RO         3711    i.SysTick_ITConfig  stm32f10x_systick.o
    0x08002360   0x00000008   Code   RO         3712    i.SysTick_SetReload  stm32f10x_systick.o
    0x08002368   0x00000002   Code   RO           56    i.TAMPER_IRQHandler  stm32f10x_it.o
    0x0800236a   0x00000002   PAD
    0x0800236c   0x00000014   Code   RO         1540    i.TB_Delay_IsElapsed  stm32f10x_timebase.o
    0x08002380   0x00000030   Code   RO         1542    i.TB_Init           stm32f10x_timebase.o
    0x080023b0   0x0000000c   Code   RO         1544    i.TB_Set_Delay_500us  stm32f10x_timebase.o
    0x080023bc   0x00000014   Code   RO         1546    i.TB_Set_StartUp_Timeout  stm32f10x_timebase.o
    0x080023d0   0x00000014   Code   RO         1547    i.TB_StartUp_Timeout_IsElapsed  stm32f10x_timebase.o
    0x080023e4   0x0000002e   Code   RO         3749    i.TI1_Config        stm32f10x_tim.o
    0x08002412   0x00000036   Code   RO         3750    i.TI2_Config        stm32f10x_tim.o
    0x08002448   0x0000000c   Code   RO           57    i.TIM1_BRK_IRQHandler  stm32f10x_it.o
    0x08002454   0x00000002   Code   RO           58    i.TIM1_CC_IRQHandler  stm32f10x_it.o
    0x08002456   0x00000002   Code   RO           59    i.TIM1_TRG_COM_IRQHandler  stm32f10x_it.o
    0x08002458   0x00000018   Code   RO           60    i.TIM1_UP_IRQHandler  stm32f10x_it.o
    0x08002470   0x00000024   Code   RO         1365    i.TIM2_IRQHandler   stm32f10x_encoder.o
    0x08002494   0x00000002   Code   RO           61    i.TIM3_IRQHandler   stm32f10x_it.o
    0x08002496   0x00000002   Code   RO           62    i.TIM4_IRQHandler   stm32f10x_it.o
    0x08002498   0x00000002   Code   RO           63    i.TIM5_IRQHandler   stm32f10x_it.o
    0x0800249a   0x00000002   Code   RO           64    i.TIM6_IRQHandler   stm32f10x_it.o
    0x0800249c   0x00000002   Code   RO           65    i.TIM7_IRQHandler   stm32f10x_it.o
    0x0800249e   0x00000002   Code   RO           66    i.TIM8_BRK_IRQHandler  stm32f10x_it.o
    0x080024a0   0x00000002   Code   RO           67    i.TIM8_CC_IRQHandler  stm32f10x_it.o
    0x080024a2   0x00000002   Code   RO           68    i.TIM8_TRG_COM_IRQHandler  stm32f10x_it.o
    0x080024a4   0x00000002   Code   RO           69    i.TIM8_UP_IRQHandler  stm32f10x_it.o
    0x080024a6   0x00000022   Code   RO         3752    i.TIM_BDTRConfig    stm32f10x_tim.o
    0x080024c8   0x00000006   Code   RO         3757    i.TIM_ClearFlag     stm32f10x_tim.o
    0x080024ce   0x00000006   Code   RO         3758    i.TIM_ClearITPendingBit  stm32f10x_tim.o
    0x080024d4   0x00000016   Code   RO         3763    i.TIM_Cmd           stm32f10x_tim.o
    0x080024ea   0x00000016   Code   RO         3765    i.TIM_CtrlPWMOutputs  stm32f10x_tim.o
    0x08002500   0x000000b4   Code   RO         3768    i.TIM_DeInit        stm32f10x_tim.o
    0x080025b4   0x00000032   Code   RO         3772    i.TIM_EncoderInterfaceConfig  stm32f10x_tim.o
    0x080025e6   0x00000004   Code   RO         3777    i.TIM_GenerateEvent  stm32f10x_tim.o
    0x080025ea   0x00000004   Code   RO         3782    i.TIM_GetCounter    stm32f10x_tim.o
    0x080025ee   0x000000ac   Code   RO         3786    i.TIM_ICInit        stm32f10x_tim.o
    0x0800269a   0x00000010   Code   RO         3787    i.TIM_ICStructInit  stm32f10x_tim.o
    0x080026aa   0x00000010   Code   RO         3788    i.TIM_ITConfig      stm32f10x_tim.o
    0x080026ba   0x00000002   PAD
    0x080026bc   0x00000060   Code   RO         3792    i.TIM_OC1Init       stm32f10x_tim.o
    0x0800271c   0x0000000c   Code   RO         3795    i.TIM_OC1PreloadConfig  stm32f10x_tim.o
    0x08002728   0x00000080   Code   RO         3797    i.TIM_OC2Init       stm32f10x_tim.o
    0x080027a8   0x00000014   Code   RO         3800    i.TIM_OC2PreloadConfig  stm32f10x_tim.o
    0x080027bc   0x0000007c   Code   RO         3802    i.TIM_OC3Init       stm32f10x_tim.o
    0x08002838   0x0000000c   Code   RO         3805    i.TIM_OC3PreloadConfig  stm32f10x_tim.o
    0x08002844   0x00000064   Code   RO         3807    i.TIM_OC4Init       stm32f10x_tim.o
    0x080028a8   0x00000014   Code   RO         3809    i.TIM_OC4PreloadConfig  stm32f10x_tim.o
    0x080028bc   0x00000014   Code   RO         3810    i.TIM_OCStructInit  stm32f10x_tim.o
    0x080028d0   0x00000010   Code   RO         3820    i.TIM_SelectOutputTrigger  stm32f10x_tim.o
    0x080028e0   0x00000010   Code   RO         3829    i.TIM_SetIC1Prescaler  stm32f10x_tim.o
    0x080028f0   0x00000018   Code   RO         3830    i.TIM_SetIC2Prescaler  stm32f10x_tim.o
    0x08002908   0x00000010   Code   RO         3831    i.TIM_SetIC3Prescaler  stm32f10x_tim.o
    0x08002918   0x00000018   Code   RO         3832    i.TIM_SetIC4Prescaler  stm32f10x_tim.o
    0x08002930   0x0000003c   Code   RO         3834    i.TIM_TimeBaseInit  stm32f10x_tim.o
    0x0800296c   0x00000012   Code   RO         3835    i.TIM_TimeBaseStructInit  stm32f10x_tim.o
    0x0800297e   0x00000002   PAD
    0x08002980   0x00000078   Code   RO          930    i.Trig_Functions    mc_clarke_park.o
    0x080029f8   0x00000002   Code   RO           70    i.UART4_IRQHandler  stm32f10x_it.o
    0x080029fa   0x00000002   Code   RO           71    i.UART5_IRQHandler  stm32f10x_it.o
    0x080029fc   0x00000002   Code   RO           72    i.USART1_IRQHandler  stm32f10x_it.o
    0x080029fe   0x00000002   Code   RO           73    i.USART2_IRQHandler  stm32f10x_it.o
    0x08002a00   0x00000034   Code   RO          578    i.USART3_IRQHandler  main.o
    0x08002a34   0x0000000c   Code   RO         4286    i.USART_ClearITPendingBit  stm32f10x_usart.o
    0x08002a40   0x0000003e   Code   RO         4293    i.USART_GetITStatus  stm32f10x_usart.o
    0x08002a7e   0x00000002   Code   RO           74    i.USBWakeUp_IRQHandler  stm32f10x_it.o
    0x08002a80   0x00000002   Code   RO           75    i.USB_HP_CAN_TX_IRQHandler  stm32f10x_it.o
    0x08002a82   0x00000002   Code   RO           76    i.USB_LP_CAN_RX0_IRQHandler  stm32f10x_it.o
    0x08002a84   0x00000002   Code   RO           77    i.UsageFaultException  stm32f10x_it.o
    0x08002a86   0x00000002   Code   RO           78    i.WWDG_IRQHandler   stm32f10x_it.o
    0x08002a88   0x0000000e   Code   RO         4902    i.__scatterload_copy  mc_w.l(handlers.o)
    0x08002a96   0x00000002   Code   RO         4903    i.__scatterload_null  mc_w.l(handlers.o)
    0x08002a98   0x0000000e   Code   RO         4904    i.__scatterload_zeroinit  mc_w.l(handlers.o)
    0x08002aa6   0x00000002   PAD
    0x08002aa8   0x00000060   Code   RO         4697    i.key_con           lkznui.o
    0x08002b08   0x00000d30   Code   RO         4698    i.lkznui            lkznui.o
    0x08003838   0x00000044   Code   RO          579    i.main              main.o
    0x0800387c   0x00000010   Code   RO         4742    i.oled_pow          oled.o
    0x0800388c   0x00000070   Code   RO         4699    i.welcoms           lkznui.o
    0x080038fc   0x00000286   Data   RO          931    .constdata          mc_clarke_park.o
    0x08003b82   0x000005f0   Data   RO         4744    .constdata          oled.o
    0x08004172   0x00000002   PAD
    0x08004174   0x00000020   Data   RO         4900    Region$$Table       anon$$obj.o


    Execution Region RW_IRAM1 (Base: 0x20000000, Size: 0x00000f58, Max: 0x0000c000, ABSOLUTE, COMPRESSED[0x00000470])

    Base Addr    Size         Type   Attr      Idx    E Section Name        Object

    0x20000000   0x00000001   Data   RW          676    .data               main.o
    0x20000001   0x00000001   Data   RW          681    .data               main.o
    0x20000002   0x00000001   Data   RW          734    .data               main.o
    0x20000003   0x00000001   Data   RW          738    .data               main.o
    0x20000004   0x00000002   Data   RW          776    .data               main.o
    0x20000006   0x00000002   Data   RW          777    .data               main.o
    0x20000008   0x00000004   Data   RW          932    .data               mc_clarke_park.o
    0x2000000c   0x00000008   Data   RW         1058    .data               mc_foc_drive.o
    0x20000014   0x0000000c   Data   RW         1102    .data               mc_motorcontrol_layer.o
    0x20000020   0x00000004   Data   RW         1176    .data               mc_globals.o
    0x20000024   0x00000004   Data   RW         1177    .data               mc_globals.o
    0x20000028   0x00000004   Data   RW         1178    .data               mc_globals.o
    0x2000002c   0x00000004   Data   RW         1179    .data               mc_globals.o
    0x20000030   0x00000004   Data   RW         1181    .data               mc_globals.o
    0x20000034   0x00000004   Data   RW         1182    .data               mc_globals.o
    0x20000038   0x00000001   Data   RW         1183    .data               mc_globals.o
    0x20000039   0x00000001   PAD
    0x2000003a   0x00000002   Data   RW         1184    .data               mc_globals.o
    0x2000003c   0x00000002   Data   RW         1185    .data               mc_globals.o
    0x2000003e   0x00000002   Data   RW         1186    .data               mc_globals.o
    0x20000040   0x00000004   Data   RW         1286    .data               mc_keys.o
    0x20000044   0x00000010   Data   RW         1367    .data               stm32f10x_encoder.o
    0x20000054   0x00000010   Data   RW         1549    .data               stm32f10x_timebase.o
    0x20000064   0x0000000c   Data   RW         1665    .data               stm32f10x_svpwm_3shunt.o
    0x20000070   0x00000008   Data   RW         3300    .data               stm32f10x_rcc.o
    0x20000078   0x00000018   Data   RW         4701    .data               lkznui.o
    0x20000090   0x00000a40   Data   RW         4745    .data               oled.o
    0x20000ad0   0x00000020   Zero   RW         1173    .bss                mc_globals.o
    0x20000af0   0x00000020   Zero   RW         1174    .bss                mc_globals.o
    0x20000b10   0x00000020   Zero   RW         1175    .bss                mc_globals.o
    0x20000b30   0x00000010   Zero   RW         1366    .bss                stm32f10x_encoder.o
    0x20000b40   0x00000012   Zero   RW         4700    .bss                lkznui.o
    0x20000b52   0x00000006   PAD
    0x20000b58   0x00000400   Zero   RW            1    STACK               stm32f10x_vector.o


==============================================================================

Image component sizes


      Code (inc. data)   RO Data    RW Data    ZI Data      Debug   Object Name

      3584        124          0         24         18       4949   lkznui.o
       380         32          0          8          0      80086   main.o
       446         28        646          4          0       5388   mc_clarke_park.o
       248         70          0          8          0       2688   mc_foc_drive.o
         0          0          0         31         96       1313   mc_globals.o
       140         18          0          4          0       1284   mc_keys.o
       480         78          0         12          0       5462   mc_motorcontrol_layer.o
       304         22          0          0          0       1979   mc_pid_regulators.o
      1300         46       1520       2624          0       7478   oled.o
       410         14          0          0          0      19353   stm32f10x_adc.o
       860        100          0         16         16       6636   stm32f10x_encoder.o
        48         12          0          0          0       1025   stm32f10x_flash.o
       264          6          0          0          0      10764   stm32f10x_gpio.o
       278         24          0          0          0      30869   stm32f10x_it.o
       256         30          0          0          0      11078   stm32f10x_nvic.o
       480        102          0          8          0      19263   stm32f10x_rcc.o
      2408        150          0         12          0       9201   stm32f10x_svpwm_3shunt.o
        92          0          0          0          0       2118   stm32f10x_systick.o
      1338         54          0          0          0      42254   stm32f10x_tim.o
       424         80          0         16          0       4414   stm32f10x_timebase.o
        74          0          0          0          0       8826   stm32f10x_usart.o
         8          4        304          0       1024        372   stm32f10x_vector.o

    ----------------------------------------------------------------------
     13844        994       2504       2768       1160     276800   Object Totals
         0          0         32          0          0          0   (incl. Generated)
        22          0          2          1          6          0   (incl. Padding)

    ----------------------------------------------------------------------

      Code (inc. data)   RO Data    RW Data    ZI Data      Debug   Library Member Name

        94          0          0          0          0          0   __dclz77c.o
         0          0          0          0          0          0   entry.o
         0          0          0          0          0          0   entry10a.o
         0          0          0          0          0          0   entry11a.o
         8          4          0          0          0          0   entry2.o
         4          0          0          0          0          0   entry5.o
         0          0          0          0          0          0   entry7b.o
         0          0          0          0          0          0   entry8b.o
         8          4          0          0          0          0   entry9a.o
        30          0          0          0          0          0   handlers.o
        36          8          0          0          0         68   init.o
        98          0          0          0          0         84   ldiv.o
        30          0          0          0          0         68   llshl.o
        32          0          0          0          0         68   llushr.o
        98          0          0          0          0         92   uldiv.o

    ----------------------------------------------------------------------
       440         16          0          0          0        380   Library Totals
         2          0          0          0          0          0   (incl. Padding)

    ----------------------------------------------------------------------

      Code (inc. data)   RO Data    RW Data    ZI Data      Debug   Library Name

       438         16          0          0          0        380   mc_w.l

    ----------------------------------------------------------------------
       440         16          0          0          0        380   Library Totals

    ----------------------------------------------------------------------

==============================================================================


      Code (inc. data)   RO Data    RW Data    ZI Data      Debug   

     14284       1010       2504       2768       1160     266596   Grand Totals
     14284       1010       2504       1136       1160     266596   ELF Image Totals (compressed)
     14284       1010       2504       1136          0          0   ROM Totals

==============================================================================

    Total RO  Size (Code + RO Data)                16788 (  16.39kB)
    Total RW  Size (RW Data + ZI Data)              3928 (   3.84kB)
    Total ROM Size (Code + RO Data + RW Data)      17924 (  17.50kB)

==============================================================================

