<html>
<body>
<pre>
<h1>礦ision Build Log</h1>
<h2>Tool Versions:</h2>
IDE-Version: μVision V5.14.0.0
Copyright (C) 2015 ARM Ltd and ARM Germany GmbH. All rights reserved.
License Information: 111 User, china, LIC=ZB4FW-Q8R3Z-QDPKD-8JUPZ-ME3BV-SYH1H
 
Tool Versions:
Toolchain:       MDK-ARM Standard  Version: 4.22
Toolchain Path:  C:\Keil_v5\ARM\ARMCC\Bin
C Compiler:      Armcc.exe V5.05 update 1 (build 106)
Assembler:       Armasm.exe V5.05 update 1 (build 106)
Linker/Locator:  ArmLink.exe V5.05 update 1 (build 106)
Library Manager: ArmAr.exe V5.05 update 1 (build 106)
Hex Converter:   FromElf.exe V5.05 update 1 (build 106)
CPU DLL:         SARMCM3.DLL V4.22
Dialog DLL:      DCM.DLL V1.3.0.0
Target DLL:      Segger\JL2CM3.dll V2.56.0.0
Dialog DLL:      TCM.DLL V1.03
 
<h2>Project:</h2>
G:\项目\项目PCB\328code\STM32FOC2.0-ENCODER\BLDC PMSM2\RVMDK\STM32_FOC_PMSM.uvprojx
Project File Date:  04/27/2016

<h2>Output:</h2>
Rebuild target 'BOOT_FLASH'
Clean started - Project: 'STM32_FOC_PMSM'
   deleting intermediate output files for target 'BOOT_FLASH'
assembling stm32f10x_vector.s...
assembling cortexm3_macro.s...
compiling stm32f10x_it.c...
compiling main.c...
..\src\main.c(156): warning:  #177-D: variable "DAC_InitType" was declared but never referenced
        DAC_InitTypeDef DAC_InitType;
..\src\main.c: 1 warning, 0 errors
compiling MC_Clarke_Park.c...
compiling MC_FOC_Drive.c...
compiling MC_MotorControl_Layer.c...
..\src\MC_MotorControl_Layer.c(285): warning:  #550-D: variable "bStatus" was set but never used
    bool bStatus;
..\src\MC_MotorControl_Layer.c: 1 warning, 0 errors
compiling MC_Globals.c...
compiling MC_PID_regulators.c...
compiling MC_State_Observer_Interface.c...
compiling MC_Keys.c...
compiling MC_Display.c...
compiling stm32f10x_encoder.c...
..\src\stm32f10x_encoder.c(376): warning:  #186-D: pointless comparison of unsigned integer with zero
      if(hAbstemp < MINIMUM_MECHANICAL_SPEED)
..\src\stm32f10x_encoder.c: 1 warning, 0 errors
compiling stm32f10x_hall.c...
compiling stm32f10x_Timebase.c...
compiling stm32f10x_MCdac.c...
compiling stm32f10x_svpwm_3shunt.c...
compiling stm32f10x_svpwm_ics.c...
compiling stm32f10x_svpwm_1shunt.c...
compiling Key.c...
compiling ili2302lcd.c...
compiling DISPLAY.c...
compiling stm32f10x_wwdg.c...
compiling stm32f10x_adc.c...
compiling stm32f10x_bkp.c...
compiling stm32f10x_can.c...
compiling stm32f10x_dma.c...
compiling stm32f10x_exti.c...
compiling stm32f10x_flash.c...
compiling stm32f10x_gpio.c...
compiling stm32f10x_i2c.c...
compiling stm32f10x_iwdg.c...
compiling stm32f10x_lib.c...
compiling stm32f10x_nvic.c...
compiling stm32f10x_pwr.c...
compiling stm32f10x_rcc.c...
compiling stm32f10x_rtc.c...
compiling stm32f10x_spi.c...
compiling stm32f10x_systick.c...
compiling stm32f10x_tim.c...
compiling stm32f10x_usart.c...
compiling stm32f10x_dbgmcu.c...
compiling stm32f10x_fsmc.c...
compiling stm32f10x_dac.c...
compiling core_cm3.c...
compiling lkznui.c...
compiling oled.c...
linking...
Program Size: Code=14284 RO-data=2504 RW-data=2768 ZI-data=1160  
".\Obj\BOOT_FLASH.axf" - 0 Error(s), 3 Warning(s).

*** Performing Cross-Module-Optimization:
compiling MC_MotorControl_Layer.c...
..\src\MC_MotorControl_Layer.c(285): warning:  #550-D: variable "bStatus" was set but never used
    bool bStatus;
..\src\MC_MotorControl_Layer.c: 1 warning, 0 errors
compiling MC_PID_regulators.c...
compiling MC_State_Observer_Interface.c...
compiling MC_Keys.c...
compiling MC_Display.c...
compiling stm32f10x_encoder.c...
..\src\stm32f10x_encoder.c(376): warning:  #186-D: pointless comparison of unsigned integer with zero
      if(hAbstemp < MINIMUM_MECHANICAL_SPEED)
..\src\stm32f10x_encoder.c: 1 warning, 0 errors
compiling stm32f10x_hall.c...
compiling stm32f10x_Timebase.c...
compiling stm32f10x_MCdac.c...
compiling stm32f10x_svpwm_3shunt.c...
compiling Key.c...
compiling ili2302lcd.c...
compiling DISPLAY.c...
compiling stm32f10x_wwdg.c...
compiling stm32f10x_adc.c...
compiling stm32f10x_bkp.c...
compiling stm32f10x_can.c...
compiling stm32f10x_dma.c...
compiling stm32f10x_exti.c...
compiling stm32f10x_flash.c...
compiling stm32f10x_gpio.c...
compiling stm32f10x_i2c.c...
compiling stm32f10x_iwdg.c...
compiling stm32f10x_nvic.c...
compiling stm32f10x_pwr.c...
compiling stm32f10x_rcc.c...
compiling stm32f10x_rtc.c...
compiling stm32f10x_spi.c...
compiling stm32f10x_systick.c...
compiling stm32f10x_tim.c...
compiling stm32f10x_usart.c...
compiling stm32f10x_dbgmcu.c...
compiling stm32f10x_fsmc.c...
compiling stm32f10x_dac.c...
compiling core_cm3.c...
compiling oled.c...
linking...
Program Size: Code=14284 RO-data=2504 RW-data=2768 ZI-data=1160  
FromELF: creating hex file...
".\Obj\BOOT_FLASH.axf" - 0 Error(s), 2 Warning(s).
*** Completed Cross-Module-Optimization after 2 iteration(s).

<h2>Collection of Component include folders:</h2>
  G:\项目\项目PCB\328code\STM32FOC2.0-ENCODER\BLDC PMSM2\RVMDK\RTE
  C:\Keil_v5\ARM\PACK\Keil\STM32F1xx_DFP\1.1.0\Device\Include

<h2>Collection of Component Files used:</h2>
</pre>
</body>
</html>
